Component: ARM Compiler 5.06 update 1 (build 61) Tool: armlink [4d35a8]

==============================================================================

Section Cross References

    stm32f4xx_it.o(i.HardFault_Handler) refers to stm32f4xx_gpio.o(i.GPIO_ResetBits) for GPIO_ResetBits
    stm32f4xx_it.o(i.HardFault_Handler) refers to delay.o(i.delay_ms) for delay_ms
    stm32f4xx_it.o(i.HardFault_Handler) refers to stm32f4xx_gpio.o(i.GPIO_SetBits) for GPIO_SetBits
    delay.o(i.delay_us) refers to delay.o(i.delay_1us) for delay_1us
    filter.o(i.EXkal_flt_init) refers to dfixui.o(.text) for __aeabi_d2uiz
    filter.o(i.EXkal_flt_init) refers to filter.o(i.combination_filter) for combination_filter
    filter.o(i.EXkal_flt_init) refers to d2f.o(.text) for __aeabi_d2f
    filter.o(i.EXkal_flt_init) refers to usart1.o(.data) for Angular_Velocity
    filter.o(i.EXkal_flt_init) refers to filter.o(.bss) for comb_flt
    filter.o(i.IIR_filter) refers to f2d.o(.text) for __aeabi_f2d
    filter.o(i.IIR_filter) refers to dmul.o(.text) for __aeabi_dmul
    filter.o(i.IIR_filter) refers to dadd.o(.text) for __aeabi_dadd
    filter.o(i.IIR_filter) refers to d2f.o(.text) for __aeabi_d2f
    filter.o(i.IIR_init) refers to filter.o(.bss) for kal_filter
    filter.o(i.combination_filter) refers to dfltui.o(.text) for __aeabi_ui2d
    filter.o(i.combination_filter) refers to dadd.o(.text) for __aeabi_dadd
    filter.o(i.combination_filter) refers to ddiv.o(.text) for __aeabi_ddiv
    filter.o(i.combination_filter) refers to d2f.o(.text) for __aeabi_d2f
    filter.o(i.combination_filter) refers to f2d.o(.text) for __aeabi_f2d
    filter.o(i.kal_flt_init) refers to dfixui.o(.text) for __aeabi_d2uiz
    filter.o(i.kal_flt_init) refers to filter.o(i.combination_filter) for combination_filter
    filter.o(i.kal_flt_init) refers to d2f.o(.text) for __aeabi_d2f
    filter.o(i.kal_flt_init) refers to usart1.o(.data) for Angular_Velocity
    filter.o(i.kal_flt_init) refers to filter.o(.bss) for comb_flt
    filter.o(i.second_order_exkalman_filter) refers to f2d.o(.text) for __aeabi_f2d
    filter.o(i.second_order_exkalman_filter) refers to dmul.o(.text) for __aeabi_dmul
    filter.o(i.second_order_exkalman_filter) refers to dadd.o(.text) for __aeabi_dadd
    filter.o(i.second_order_exkalman_filter) refers to d2f.o(.text) for __aeabi_d2f
    filter.o(i.second_order_exkalman_filter) refers to filter.o(.data) for exkalman_filte_b
    filter.o(i.second_order_filter) refers to f2d.o(.text) for __aeabi_f2d
    filter.o(i.second_order_filter) refers to dmul.o(.text) for __aeabi_dmul
    filter.o(i.second_order_filter) refers to dadd.o(.text) for __aeabi_dadd
    filter.o(i.second_order_filter) refers to d2f.o(.text) for __aeabi_d2f
    filter.o(i.second_order_init) refers to dfltui.o(.text) for __aeabi_ui2d
    filter.o(i.second_order_init) refers to dmul.o(.text) for __aeabi_dmul
    filter.o(i.second_order_init) refers to dadd.o(.text) for __aeabi_dadd
    filter.o(i.second_order_init) refers to d2f.o(.text) for __aeabi_d2f
    filter.o(i.second_order_init) refers to f2d.o(.text) for __aeabi_f2d
    filter.o(i.second_order_init) refers to ddiv.o(.text) for __aeabi_ddiv
    kalman.o(i.KAL_filter) refers to dmul.o(.text) for __aeabi_dmul
    kalman.o(i.KAL_filter) refers to dadd.o(.text) for __aeabi_dadd
    kalman.o(i.KAL_filter) refers to ddiv.o(.text) for __aeabi_ddiv
    main.o(i.ANGLE_task) refers to positioncount.o(i.CountAngel) for CountAngel
    main.o(i.ANGLE_task) refers to os_time.o(i.OSTimeDly) for OSTimeDly
    main.o(i.LED_task) refers to stm32f4xx_gpio.o(i.GPIO_ToggleBits) for GPIO_ToggleBits
    main.o(i.LED_task) refers to stm32f4xx_gpio.o(i.GPIO_SetBits) for GPIO_SetBits
    main.o(i.LED_task) refers to stm32f4xx_can.o(i.CAN_DeInit) for CAN_DeInit
    main.o(i.LED_task) refers to can.o(i.can_init) for can_init
    main.o(i.LED_task) refers to os_time.o(i.OSTimeDly) for OSTimeDly
    main.o(i.LED_task) refers to main.o(.data) for LED_FLAG
    main.o(i.POSI_task) refers to positioncount.o(i.CountPosition) for CountPosition
    main.o(i.POSI_task) refers to positioncount.o(i.CountSpeed) for CountSpeed
    main.o(i.POSI_task) refers to can.o(i.can_init) for can_init
    main.o(i.POSI_task) refers to os_time.o(i.OSTimeDly) for OSTimeDly
    main.o(i.POSI_task) refers to main.o(.data) for ANGLE_FLAG
    main.o(i.POSI_task) refers to positioncount.o(.data) for init_flag
    main.o(i.TRANS_task) refers to can.o(i.Position_Send) for Position_Send
    main.o(i.TRANS_task) refers to os_time.o(i.OSTimeDly) for OSTimeDly
    main.o(i.TRANS_task) refers to can.o(i.Speed_Send) for Speed_Send
    main.o(i.TRANS_task) refers to main.o(.data) for TRANS_FLAG
    main.o(i.TRANS_task) refers to positioncount.o(.bss) for Position
    main.o(i.main) refers to system_stm32f4xx.o(i.SystemInit) for SystemInit
    main.o(i.main) refers to misc.o(i.NVIC_PriorityGroupConfig) for NVIC_PriorityGroupConfig
[...]
    ..\\..\\Libraries\\STM32F4xx_StdPeriph_Driver\\src\\stm32f4xx_fsmc.c 0x00000000   Number         0  stm32f4xx_fsmc.o ABSOLUTE
    ..\\..\\Libraries\\STM32F4xx_StdPeriph_Driver\\src\\stm32f4xx_gpio.c 0x00000000   Number         0  stm32f4xx_gpio.o ABSOLUTE
    ..\\..\\Libraries\\STM32F4xx_StdPeriph_Driver\\src\\stm32f4xx_rcc.c 0x00000000   Number         0  stm32f4xx_rcc.o ABSOLUTE
    ..\\..\\Libraries\\STM32F4xx_StdPeriph_Driver\\src\\stm32f4xx_rng.c 0x00000000   Number         0  stm32f4xx_rng.o ABSOLUTE
    ..\\..\\Libraries\\STM32F4xx_StdPeriph_Driver\\src\\stm32f4xx_spi.c 0x00000000   Number         0  stm32f4xx_spi.o ABSOLUTE
    ..\\..\\Libraries\\STM32F4xx_StdPeriph_Driver\\src\\stm32f4xx_syscfg.c 0x00000000   Number         0  stm32f4xx_syscfg.o ABSOLUTE
    ..\\..\\Libraries\\STM32F4xx_StdPeriph_Driver\\src\\stm32f4xx_tim.c 0x00000000   Number         0  stm32f4xx_tim.o ABSOLUTE
    ..\\..\\Libraries\\STM32F4xx_StdPeriph_Driver\\src\\stm32f4xx_usart.c 0x00000000   Number         0  stm32f4xx_usart.o ABSOLUTE
    ..\\..\\User\\src\\PositionCount.c       0x00000000   Number         0  positioncount.o ABSOLUTE
    ..\\..\\User\\src\\QEPtime.c             0x00000000   Number         0  qeptime.o ABSOLUTE
    ..\\..\\User\\src\\delay.c               0x00000000   Number         0  delay.o ABSOLUTE
    ..\\..\\User\\src\\filter.c              0x00000000   Number         0  filter.o ABSOLUTE
    ..\\..\\User\\src\\kalman.c              0x00000000   Number         0  kalman.o ABSOLUTE
    ..\\..\\User\\src\\main.c                0x00000000   Number         0  main.o ABSOLUTE
    ..\\..\\User\\src\\queue.c               0x00000000   Number         0  queue.o ABSOLUTE
    ..\\..\\User\\src\\stm32f4xx_it.c        0x00000000   Number         0  stm32f4xx_it.o ABSOLUTE
    ..\\..\\driver\\src\\can.c               0x00000000   Number         0  can.o ABSOLUTE
    ..\\..\\driver\\src\\led.c               0x00000000   Number         0  led.o ABSOLUTE
    ..\\..\\driver\\src\\time2.c             0x00000000   Number         0  time2.o ABSOLUTE
    ..\\..\\driver\\src\\usart1.c            0x00000000   Number         0  usart1.o ABSOLUTE
    ..\\..\\uCOSII\\PORT\\os_cpu_c.c         0x00000000   Number         0  os_cpu_c.o ABSOLUTE
    cdcmple.s                                0x00000000   Number         0  cdcmple.o ABSOLUTE
    cdrcmple.s                               0x00000000   Number         0  cdrcmple.o ABSOLUTE
    dc.s                                     0x00000000   Number         0  dc.o ABSOLUTE
    handlers.s                               0x00000000   Number         0  handlers.o ABSOLUTE
    init.s                                   0x00000000   Number         0  init.o ABSOLUTE
    RESET                                    0x08000000   Section      392  startup_stm32f4xx.o(RESET)
    .ARM.Collect$$$$00000000                 0x08000188   Section        0  entry.o(.ARM.Collect$$$$00000000)
    .ARM.Collect$$$$00000001                 0x08000188   Section        4  entry2.o(.ARM.Collect$$$$00000001)
    .ARM.Collect$$$$00000004                 0x0800018c   Section        4  entry5.o(.ARM.Collect$$$$00000004)
    .ARM.Collect$$$$00000008                 0x08000190   Section        0  entry7b.o(.ARM.Collect$$$$00000008)
    .ARM.Collect$$$$0000000A                 0x08000190   Section        0  entry8b.o(.ARM.Collect$$$$0000000A)
    .ARM.Collect$$$$0000000B                 0x08000190   Section        8  entry9a.o(.ARM.Collect$$$$0000000B)
    .ARM.Collect$$$$0000000D                 0x08000198   Section        0  entry10a.o(.ARM.Collect$$$$0000000D)
    .ARM.Collect$$$$0000000F                 0x08000198   Section        0  entry11a.o(.ARM.Collect$$$$0000000F)
    .ARM.Collect$$$$00002712                 0x08000198   Section        4  entry2.o(.ARM.Collect$$$$00002712)
    __lit__00000000                          0x08000198   Data           4  entry2.o(.ARM.Collect$$$$00002712)
    .text                                    0x0800019c   Section       36  startup_stm32f4xx.o(.text)
    $v0                                      0x0800019c   Number         0  startup_stm32f4xx.o(.text)
    .text                                    0x080001c0   Section      176  os_cpu_a.o(.text)
    $v0                                      0x080001c0   Number         0  os_cpu_a.o(.text)
    .text                                    0x08000270   Section        0  dadd.o(.text)
    .text                                    0x080003be   Section        0  dmul.o(.text)
    .text                                    0x080004a2   Section        0  ddiv.o(.text)
    .text                                    0x08000580   Section        0  dflti.o(.text)
    .text                                    0x080005a2   Section        0  dfltui.o(.text)
    .text                                    0x080005bc   Section        0  dfixi.o(.text)
    .text                                    0x080005fa   Section        0  dfixui.o(.text)
    .text                                    0x0800062c   Section        0  f2d.o(.text)
    .text                                    0x08000654   Section       48  cdrcmple.o(.text)
    .text                                    0x08000684   Section        0  d2f.o(.text)
    .text                                    0x080006bc   Section        0  llshl.o(.text)
    .text                                    0x080006da   Section        0  llushr.o(.text)
    .text                                    0x080006fa   Section        0  llsshr.o(.text)
    .text                                    0x0800071e   Section        0  iusefp.o(.text)
    .text                                    0x0800071e   Section        0  fepilogue.o(.text)
    .text                                    0x0800078c   Section        0  depilogue.o(.text)
    .text                                    0x08000846   Section        0  dsqrt.o(.text)
    .text                                    0x080008e8   Section       36  init.o(.text)
    .text                                    0x0800090c   Section        0  __dclz77c.o(.text)
    i.ANGLE_task                             0x0800096a   Section        0  main.o(i.ANGLE_task)
    i.Accelerated_Send                       0x08000978   Section        0  can.o(i.Accelerated_Send)
    i.Answer_Master                          0x080009ec   Section        0  can.o(i.Answer_Master)
    i.BusFault_Handler                       0x08000a40   Section        0  stm32f4xx_it.o(i.BusFault_Handler)
    i.CAN1_RX0_IRQHandler                    0x08000a44   Section        0  can.o(i.CAN1_RX0_IRQHandler)
    i.CAN_ClearITPendingBit                  0x08001238   Section        0  stm32f4xx_can.o(i.CAN_ClearITPendingBit)
    i.CAN_DeInit                             0x080012e0   Section        0  stm32f4xx_can.o(i.CAN_DeInit)
    i.CAN_FilterInit                         0x08001318   Section        0  stm32f4xx_can.o(i.CAN_FilterInit)
    i.CAN_GetITStatus                        0x08001420   Section        0  stm32f4xx_can.o(i.CAN_GetITStatus)
    i.CAN_ITConfig                           0x08001540   Section        0  stm32f4xx_can.o(i.CAN_ITConfig)
    i.CAN_Init                               0x08001552   Section        0  stm32f4xx_can.o(i.CAN_Init)
    i.CAN_Receive                            0x08001666   Section        0  stm32f4xx_can.o(i.CAN_Receive)
    i.CAN_StructInit                         0x08001756   Section        0  stm32f4xx_can.o(i.CAN_StructInit)
    i.CAN_Transmit                           0x08001776   Section        0  stm32f4xx_can.o(i.CAN_Transmit)
    i.CheckITStatus                          0x0800189c   Section        0  stm32f4xx_can.o(i.CheckITStatus)
    CheckITStatus                            0x0800189d   Thumb Code    18  stm32f4xx_can.o(i.CheckITStatus)
    i.CountAngel                             0x080018b0   Section        0  positioncount.o(i.CountAngel)
    i.CountPosition                          0x08001df8   Section        0  positioncount.o(i.CountPosition)
    i.CountSpeed                             0x080022a0   Section        0  positioncount.o(i.CountSpeed)
    i.DMA2_Stream7_IRQHandler                0x080025d4   Section        0  usart1.o(i.DMA2_Stream7_IRQHandler)
    i.DMA_ClearITPendingBit                  0x080025f8   Section        0  stm32f4xx_dma.o(i.DMA_ClearITPendingBit)
    i.DMA_Cmd                                0x0800262c   Section        0  stm32f4xx_dma.o(i.DMA_Cmd)
    i.DMA_DeInit                             0x08002644   Section        0  stm32f4xx_dma.o(i.DMA_DeInit)
    i.DMA_GetITStatus                        0x0800279c   Section        0  stm32f4xx_dma.o(i.DMA_GetITStatus)
    i.DMA_ITConfig                           0x08002800   Section        0  stm32f4xx_dma.o(i.DMA_ITConfig)
    i.DMA_Init                               0x0800283c   Section        0  stm32f4xx_dma.o(i.DMA_Init)
    i.DMA_SetCurrDataCounter                 0x08002894   Section        0  stm32f4xx_dma.o(i.DMA_SetCurrDataCounter)
    i.DeQueue                                0x08002898   Section        0  queue.o(i.DeQueue)
    i.DebugMon_Handler                       0x080028c2   Section        0  stm32f4xx_it.o(i.DebugMon_Handler)
    i.EXkal_flt_init                         0x080028c4   Section        0  filter.o(i.EXkal_flt_init)
    i.Encoder_Get_CNT                        0x08002948   Section        0  qeptime.o(i.Encoder_Get_CNT)
    i.Encoder_Start                          0x08002988   Section        0  qeptime.o(i.Encoder_Start)
    i.GPIO_Init                              0x080029a0   Section        0  stm32f4xx_gpio.o(i.GPIO_Init)
    i.GPIO_PinAFConfig                       0x08002a30   Section        0  stm32f4xx_gpio.o(i.GPIO_PinAFConfig)
    i.GPIO_ResetBits                         0x08002a76   Section        0  stm32f4xx_gpio.o(i.GPIO_ResetBits)
    i.GPIO_SetBits                           0x08002a7a   Section        0  stm32f4xx_gpio.o(i.GPIO_SetBits)
    i.GPIO_ToggleBits                        0x08002a7e   Section        0  stm32f4xx_gpio.o(i.GPIO_ToggleBits)
    i.GYRO_Reset                             0x08002a88   Section        0  positioncount.o(i.GYRO_Reset)
    i.GetQueueLength                         0x08002ad4   Section        0  queue.o(i.GetQueueLength)
    i.HardFault_Handler                      0x08002b04   Section        0  stm32f4xx_it.o(i.HardFault_Handler)
    i.IIR_init                               0x08002b2c   Section        0  filter.o(i.IIR_init)
    i.KAL_filter                             0x08002b48   Section        0  kalman.o(i.KAL_filter)
    i.LED_task                               0x08002ca4   Section        0  main.o(i.LED_task)
    i.MemManage_Handler                      0x08002d08   Section        0  stm32f4xx_it.o(i.MemManage_Handler)
    i.NMI_Handler                            0x08002d0c   Section        0  stm32f4xx_it.o(i.NMI_Handler)
    i.NVIC_Init                              0x08002d10   Section        0  misc.o(i.NVIC_Init)
    i.NVIC_PriorityGroupConfig               0x08002d88   Section        0  misc.o(i.NVIC_PriorityGroupConfig)
    i.OSInit                                 0x08002d9c   Section        0  os_core.o(i.OSInit)
    i.OSInitHookBegin                        0x08002dcc   Section        0  os_cpu_c.o(i.OSInitHookBegin)
    i.OSInitHookEnd                          0x08002dce   Section        0  os_cpu_c.o(i.OSInitHookEnd)
    i.OSIntExit                              0x08002dd0   Section        0  os_core.o(i.OSIntExit)
    i.OSStart                                0x08002e60   Section        0  os_core.o(i.OSStart)
    i.OSTCBInitHook                          0x08002ea8   Section        0  os_cpu_c.o(i.OSTCBInitHook)
    i.OSTaskCreate                           0x08002eac   Section        0  os_task.o(i.OSTaskCreate)
    i.OSTaskCreateExt                        0x08002f4c   Section        0  os_task.o(i.OSTaskCreateExt)
    i.OSTaskCreateHook                       0x08003004   Section        0  os_cpu_c.o(i.OSTaskCreateHook)
    i.OSTaskIdleHook                         0x08003006   Section        0  os_cpu_c.o(i.OSTaskIdleHook)
    i.OSTaskNameSet                          0x08003008   Section        0  os_task.o(i.OSTaskNameSet)
    i.OSTaskStatHook                         0x08003078   Section        0  os_cpu_c.o(i.OSTaskStatHook)
    i.OSTaskStkChk                           0x0800307c   Section        0  os_task.o(i.OSTaskStkChk)
    i.OSTaskStkInit                          0x08003104   Section        0  os_cpu_c.o(i.OSTaskStkInit)
    i.OSTaskSuspend                          0x080032e8   Section        0  os_task.o(i.OSTaskSuspend)
    i.OSTaskSwHook                           0x08003390   Section        0  os_cpu_c.o(i.OSTaskSwHook)
    i.OSTimeDly                              0x08003394   Section        0  os_time.o(i.OSTimeDly)
    i.OSTimeGet                              0x0800340c   Section        0  os_time.o(i.OSTimeGet)
    i.OSTimeTick                             0x08003428   Section        0  os_core.o(i.OSTimeTick)
    i.OSTimeTickHook                         0x08003514   Section        0  os_cpu_c.o(i.OSTimeTickHook)
    i.OS_CPU_SysTickInit                     0x08003518   Section        0  os_cpu_c.o(i.OS_CPU_SysTickInit)
    i.OS_FlagInit                            0x08003578   Section        0  os_flag.o(i.OS_FlagInit)
    i.OS_InitEventList                       0x080035d0   Section        0  os_core.o(i.OS_InitEventList)
    OS_InitEventList                         0x080035d1   Thumb Code    76  os_core.o(i.OS_InitEventList)
    i.OS_InitMisc                            0x08003624   Section        0  os_core.o(i.OS_InitMisc)
    OS_InitMisc                              0x08003625   Thumb Code    44  os_core.o(i.OS_InitMisc)
    i.OS_InitRdyList                         0x08003678   Section        0  os_core.o(i.OS_InitRdyList)
    OS_InitRdyList                           0x08003679   Thumb Code    44  os_core.o(i.OS_InitRdyList)
    i.OS_InitTCBList                         0x080036bc   Section        0  os_core.o(i.OS_InitTCBList)
    OS_InitTCBList                           0x080036bd   Thumb Code   106  os_core.o(i.OS_InitTCBList)
    i.OS_InitTaskIdle                        0x0800373c   Section        0  os_core.o(i.OS_InitTaskIdle)
    OS_InitTaskIdle                          0x0800373d   Thumb Code    50  os_core.o(i.OS_InitTaskIdle)
    i.OS_InitTaskStat                        0x0800378c   Section        0  os_core.o(i.OS_InitTaskStat)
    OS_InitTaskStat                          0x0800378d   Thumb Code    52  os_core.o(i.OS_InitTaskStat)
    i.OS_MemClr                              0x080037dc   Section        0  os_core.o(i.OS_MemClr)
    i.OS_MemInit                             0x080037f0   Section        0  os_mem.o(i.OS_MemInit)
    i.OS_QInit                               0x08003848   Section        0  os_q.o(i.OS_QInit)
    i.OS_Sched                               0x08003898   Section        0  os_core.o(i.OS_Sched)
    i.OS_SchedNew                            0x0800390c   Section        0  os_core.o(i.OS_SchedNew)
    OS_SchedNew                              0x0800390d   Thumb Code    26  os_core.o(i.OS_SchedNew)
    i.OS_TCBInit                             0x08003938   Section        0  os_core.o(i.OS_TCBInit)
    i.OS_TaskIdle                            0x08003a78   Section        0  os_core.o(i.OS_TaskIdle)
    i.OS_TaskStat                            0x08003aa0   Section        0  os_core.o(i.OS_TaskStat)
    i.OS_TaskStatStkChk                      0x08003b44   Section        0  os_core.o(i.OS_TaskStatStkChk)
    i.OS_TaskStkClr                          0x08003b80   Section        0  os_task.o(i.OS_TaskStkClr)
    i.POSI_task                              0x08003b9c   Section        0  main.o(i.POSI_task)
    i.Position_Send                          0x08003c18   Section        0  can.o(i.Position_Send)
    i.QEPtime_config                         0x08003d30   Section        0  qeptime.o(i.QEPtime_config)
    i.RCC_AHB1PeriphClockCmd                 0x08003dec   Section        0  stm32f4xx_rcc.o(i.RCC_AHB1PeriphClockCmd)
    i.RCC_APB1PeriphClockCmd                 0x08003e0c   Section        0  stm32f4xx_rcc.o(i.RCC_APB1PeriphClockCmd)
    i.RCC_APB1PeriphResetCmd                 0x08003e2c   Section        0  stm32f4xx_rcc.o(i.RCC_APB1PeriphResetCmd)
    i.RCC_APB2PeriphClockCmd                 0x08003e4c   Section        0  stm32f4xx_rcc.o(i.RCC_APB2PeriphClockCmd)
    i.RCC_GetClocksFreq                      0x08003e6c   Section        0  stm32f4xx_rcc.o(i.RCC_GetClocksFreq)
    i.RePosition_Send                        0x08003f54   Section        0  can.o(i.RePosition_Send)
    i.Reset_RS                               0x08003fac   Section        0  can.o(i.Reset_RS)
    i.SVC_Handler                            0x08003ff0   Section        0  stm32f4xx_it.o(i.SVC_Handler)
    i.SetSysClock                            0x08003ff4   Section        0  system_stm32f4xx.o(i.SetSysClock)
    SetSysClock                              0x08003ff5   Thumb Code   220  system_stm32f4xx.o(i.SetSysClock)
    i.Speed_Send                             0x080040e0   Section        0  can.o(i.Speed_Send)
    i.SysTick_Handler                        0x080041c4   Section        0  os_cpu_c.o(i.SysTick_Handler)
    i.SystemInit                             0x080041f8   Section        0  system_stm32f4xx.o(i.SystemInit)
    i.TIM2_IRQHandler                        0x08004260   Section        0  time2.o(i.TIM2_IRQHandler)
    i.TIM_ClearFlag                          0x080042cc   Section        0  stm32f4xx_tim.o(i.TIM_ClearFlag)
    i.TIM_ClearITPendingBit                  0x080042d2   Section        0  stm32f4xx_tim.o(i.TIM_ClearITPendingBit)
    i.TIM_Cmd                                0x080042d8   Section        0  stm32f4xx_tim.o(i.TIM_Cmd)
    i.TIM_EncoderInterfaceConfig             0x080042f0   Section        0  stm32f4xx_tim.o(i.TIM_EncoderInterfaceConfig)
    i.TIM_GetITStatus                        0x08004332   Section        0  stm32f4xx_tim.o(i.TIM_GetITStatus)
    i.TIM_ITConfig                           0x08004354   Section        0  stm32f4xx_tim.o(i.TIM_ITConfig)
    i.TIM_TimeBaseInit                       0x08004368   Section        0  stm32f4xx_tim.o(i.TIM_TimeBaseInit)
    i.TRANS_task                             0x080043ec   Section        0  main.o(i.TRANS_task)
    i.USART1_IRQHandler                      0x08004430   Section        0  usart1.o(i.USART1_IRQHandler)
    i.USART_ClearFlag                        0x080045a8   Section        0  stm32f4xx_usart.o(i.USART_ClearFlag)
    i.USART_ClearITPendingBit                0x080045ba   Section        0  stm32f4xx_usart.o(i.USART_ClearITPendingBit)
    i.USART_Cmd                              0x080045d8   Section        0  stm32f4xx_usart.o(i.USART_Cmd)
    i.USART_DMACmd                           0x080045f0   Section        0  stm32f4xx_usart.o(i.USART_DMACmd)
    i.USART_GetITStatus                      0x08004602   Section        0  stm32f4xx_usart.o(i.USART_GetITStatus)
    i.USART_ITConfig                         0x08004656   Section        0  stm32f4xx_usart.o(i.USART_ITConfig)
    i.USART_Init                             0x080046a0   Section        0  stm32f4xx_usart.o(i.USART_Init)
    i.USART_ReceiveData                      0x08004774   Section        0  stm32f4xx_usart.o(i.USART_ReceiveData)
    i.USART_TxHandler                        0x08004780   Section        0  usart1.o(i.USART_TxHandler)
    i.UsageFault_Handler                     0x080047d8   Section        0  stm32f4xx_it.o(i.UsageFault_Handler)
    i.__ARM_fpclassify                       0x080047dc   Section        0  fpclassify.o(i.__ARM_fpclassify)
    i.__hardfp_cos                           0x08004810   Section        0  cos.o(i.__hardfp_cos)
    i.__hardfp_fabs                          0x080048d8   Section        0  fabs.o(i.__hardfp_fabs)
    i.__hardfp_sin                           0x080048f0   Section        0  sin.o(i.__hardfp_sin)
    i.__hardfp_sqrt                          0x080049b8   Section        0  sqrt.o(i.__hardfp_sqrt)
    i.__ieee754_rem_pio2                     0x08004a38   Section        0  rred.o(i.__ieee754_rem_pio2)
    i.__kernel_cos                           0x08004e70   Section        0  cos_i.o(i.__kernel_cos)
    i.__kernel_poly                          0x08004fe0   Section        0  poly.o(i.__kernel_poly)
    i.__kernel_sin                           0x080050d8   Section        0  sin_i.o(i.__kernel_sin)
    i.__mathlib_dbl_infnan                   0x08005208   Section        0  dunder.o(i.__mathlib_dbl_infnan)
    i.__mathlib_dbl_invalid                  0x08005220   Section        0  dunder.o(i.__mathlib_dbl_invalid)
    i.__mathlib_dbl_underflow                0x08005240   Section        0  dunder.o(i.__mathlib_dbl_underflow)
    i.__scatterload_copy                     0x08005260   Section       14  handlers.o(i.__scatterload_copy)
    i.__scatterload_null                     0x0800526e   Section        2  handlers.o(i.__scatterload_null)
    i.__scatterload_zeroinit                 0x08005270   Section       14  handlers.o(i.__scatterload_zeroinit)
    i.__set_errno                            0x08005280   Section        0  errno.o(i.__set_errno)
    i.can_init                               0x0800528c   Section        0  can.o(i.can_init)
    i.combination_filter                     0x080053d4   Section        0  filter.o(i.combination_filter)
    i.delay_ms                               0x080054e8   Section        0  delay.o(i.delay_ms)
    i.fabs                                   0x08005508   Section        0  fabs.o(i.fabs)
    i.kal_flt_init                           0x08005520   Section        0  filter.o(i.kal_flt_init)
    i.kalman_filter                          0x080055a4   Section        0  filter.o(i.kalman_filter)
    i.kalman_init                            0x08005618   Section        0  kalman.o(i.kalman_init)
    i.led_config                             0x0800566c   Section        0  led.o(i.led_config)
    i.main                                   0x080056b4   Section        0  main.o(i.main)
    i.second_order_exkalman_filter           0x08005748   Section        0  filter.o(i.second_order_exkalman_filter)
    i.second_order_init                      0x080058ec   Section        0  filter.o(i.second_order_init)
    i.start_task                             0x08005a80   Section        0  main.o(i.start_task)
    i.time2_config                           0x08005af0   Section        0  time2.o(i.time2_config)
    i.usart1_init                            0x08005b50   Section        0  usart1.o(i.usart1_init)
    .constdata                               0x08005c88   Section      256  os_core.o(.constdata)
    .constdata                               0x08005d88   Section       48  cos_i.o(.constdata)
    C                                        0x08005d88   Data          48  cos_i.o(.constdata)
    .constdata                               0x08005db8   Section      200  rred.o(.constdata)
    pio2s                                    0x08005db8   Data          48  rred.o(.constdata)
    twooverpi                                0x08005de8   Data         152  rred.o(.constdata)
    .constdata                               0x08005e80   Section       40  sin_i.o(.constdata)
    S                                        0x08005e80   Data          40  sin_i.o(.constdata)
    .data                                    0x20000000   Section       36  filter.o(.data)
    exkalman_filte_b                         0x20000000   Data           8  filter.o(.data)
    .data                                    0x20000028   Section       17  main.o(.data)
    exkalman_filte_b                         0x20000028   Data           8  main.o(.data)
    .data                                    0x20000040   Section     5796  positioncount.o(.data)
    exkalman_filte_b                         0x20000040   Data           8  positioncount.o(.data)
    .data                                    0x200016e4   Section        8  qeptime.o(.data)
    .data                                    0x200016f0   Section       36  can.o(.data)
    exkalman_filte_b                         0x200016f0   Data           8  can.o(.data)
    .data                                    0x20001718   Section       12  time2.o(.data)
    exkalman_filte_b                         0x20001718   Data           8  time2.o(.data)
    i                                        0x20001720   Data           4  time2.o(.data)
    .data                                    0x20001728   Section      156  usart1.o(.data)
    exkalman_filte_b                         0x20001728   Data           8  usart1.o(.data)
    .data                                    0x200017c4   Section       16  stm32f4xx_rcc.o(.data)
    APBAHBPrescTable                         0x200017c4   Data          16  stm32f4xx_rcc.o(.data)
    .data                                    0x200017d4   Section       76  os_core.o(.data)
    .data                                    0x20001820   Section        4  os_cpu_c.o(.data)
    .data                                    0x20001824   Section        4  errno.o(.data)
    _errno                                   0x20001824   Data           4  errno.o(.data)
    .bss                                     0x20001828   Section      196  filter.o(.bss)
    .bss                                     0x200018f0   Section      640  kalman.o(.bss)
    .bss                                     0x20001b70   Section    20480  main.o(.bss)
    .bss                                     0x20006b70   Section    16080  positioncount.o(.bss)
    .bss                                     0x2000aa40   Section      276  usart1.o(.bss)
    .bss                                     0x2000ab54   Section     7680  os_core.o(.bss)
    STACK                                    0x2000c958   Section     1024  startup_stm32f4xx.o(STACK)

    Global Symbols

    Symbol Name                              Value     Ov Type        Size  Object(Section)

    BuildAttributes$$THM_ISAv4$E$P$D$K$B$S$7EM$VFPi3$EXTD16$VFPS$VFMA$PE$A:L22UL41UL21$X:L11$S22US41US21$IEEE1$IW$USESV6$~STKCKD$USESV7$~SHL$OTIME$ROPI$IEEEX$EBA8$MICROLIB$REQ8$PRES8$EABIv2 0x00000000   Number         0  anon$$obj.o ABSOLUTE
    __ARM_use_no_argv                        0x00000000   Number         0  main.o ABSOLUTE
    __cpp_initialize__aeabi_                  - Undefined Weak Reference
    __cxa_finalize                            - Undefined Weak Reference
    _clock_init                               - Undefined Weak Reference
    _microlib_exit                            - Undefined Weak Reference
    __Vectors_Size                           0x00000188   Number         0  startup_stm32f4xx.o ABSOLUTE
    __Vectors                                0x08000000   Data           4  startup_stm32f4xx.o(RESET)
    __Vectors_End                            0x08000188   Data           0  startup_stm32f4xx.o(RESET)
    __main                                   0x08000189   Thumb Code     0  entry.o(.ARM.Collect$$$$00000000)
    _main_stk                                0x08000189   Thumb Code     0  entry2.o(.ARM.Collect$$$$00000001)
    _main_scatterload                        0x0800018d   Thumb Code     0  entry5.o(.ARM.Collect$$$$00000004)
    __main_after_scatterload                 0x08000191   Thumb Code     0  entry5.o(.ARM.Collect$$$$00000004)
    _main_clock                              0x08000191   Thumb Code     0  entry7b.o(.ARM.Collect$$$$00000008)
    _main_cpp_init                           0x08000191   Thumb Code     0  entry8b.o(.ARM.Collect$$$$0000000A)
    _main_init                               0x08000191   Thumb Code     0  entry9a.o(.ARM.Collect$$$$0000000B)
    __rt_final_cpp                           0x08000199   Thumb Code     0  entry10a.o(.ARM.Collect$$$$0000000D)
    __rt_final_exit                          0x08000199   Thumb Code     0  entry11a.o(.ARM.Collect$$$$0000000F)
    Reset_Handler                            0x0800019d   Thumb Code     8  startup_stm32f4xx.o(.text)
    ADC_IRQHandler                           0x080001b7   Thumb Code     0  startup_stm32f4xx.o(.text)
    CAN1_RX1_IRQHandler                      0x080001b7   Thumb Code     0  startup_stm32f4xx.o(.text)
    CAN1_SCE_IRQHandler                      0x080001b7   Thumb Code     0  startup_stm32f4xx.o(.text)
    CAN1_TX_IRQHandler                       0x080001b7   Thumb Code     0  startup_stm32f4xx.o(.text)
    CAN2_RX0_IRQHandler                      0x080001b7   Thumb Code     0  startup_stm32f4xx.o(.text)
    CAN2_RX1_IRQHandler                      0x080001b7   Thumb Code     0  startup_stm32f4xx.o(.text)
    CAN2_SCE_IRQHandler                      0x080001b7   Thumb Code     0  startup_stm32f4xx.o(.text)
    CAN2_TX_IRQHandler                       0x080001b7   Thumb Code     0  startup_stm32f4xx.o(.text)
    CRYP_IRQHandler                          0x080001b7   Thumb Code     0  startup_stm32f4xx.o(.text)
    DCMI_IRQHandler                          0x080001b7   Thumb Code     0  startup_stm32f4xx.o(.text)
    DMA1_Stream0_IRQHandler                  0x080001b7   Thumb Code     0  startup_stm32f4xx.o(.text)
    DMA1_Stream1_IRQHandler                  0x080001b7   Thumb Code     0  startup_stm32f4xx.o(.text)
    DMA1_Stream2_IRQHandler                  0x080001b7   Thumb Code     0  startup_stm32f4xx.o(.text)
    DMA1_Stream3_IRQHandler                  0x080001b7   Thumb Code     0  startup_stm32f4xx.o(.text)
    DMA1_Stream4_IRQHandler                  0x080001b7   Thumb Code     0  startup_stm32f4xx.o(.text)
    DMA1_Stream5_IRQHandler                  0x080001b7   Thumb Code     0  startup_stm32f4xx.o(.text)
    DMA1_Stream6_IRQHandler                  0x080001b7   Thumb Code     0  startup_stm32f4xx.o(.text)
    DMA1_Stream7_IRQHandler                  0x080001b7   Thumb Code     0  startup_stm32f4xx.o(.text)
    DMA2_Stream0_IRQHandler                  0x080001b7   Thumb Code     0  startup_stm32f4xx.o(.text)
    DMA2_Stream1_IRQHandler                  0x080001b7   Thumb Code     0  startup_stm32f4xx.o(.text)
    DMA2_Stream2_IRQHandler                  0x080001b7   Thumb Code     0  startup_stm32f4xx.o(.text)
    DMA2_Stream3_IRQHandler                  0x080001b7   Thumb Code     0  startup_stm32f4xx.o(.text)
    DMA2_Stream4_IRQHandler                  0x080001b7   Thumb Code     0  startup_stm32f4xx.o(.text)
    DMA2_Stream5_IRQHandler                  0x080001b7   Thumb Code     0  startup_stm32f4xx.o(.text)
    DMA2_Stream6_IRQHandler                  0x080001b7   Thumb Code     0  startup_stm32f4xx.o(.text)
    ETH_IRQHandler                           0x080001b7   Thumb Code     0  startup_stm32f4xx.o(.text)
    ETH_WKUP_IRQHandler                      0x080001b7   Thumb Code     0  startup_stm32f4xx.o(.text)
    EXTI0_IRQHandler                         0x080001b7   Thumb Code     0  startup_stm32f4xx.o(.text)
    EXTI15_10_IRQHandler                     0x080001b7   Thumb Code     0  startup_stm32f4xx.o(.text)
    EXTI1_IRQHandler                         0x080001b7   Thumb Code     0  startup_stm32f4xx.o(.text)
    EXTI2_IRQHandler                         0x080001b7   Thumb Code     0  startup_stm32f4xx.o(.text)
    EXTI3_IRQHandler                         0x080001b7   Thumb Code     0  startup_stm32f4xx.o(.text)
    EXTI4_IRQHandler                         0x080001b7   Thumb Code     0  startup_stm32f4xx.o(.text)
    EXTI9_5_IRQHandler                       0x080001b7   Thumb Code     0  startup_stm32f4xx.o(.text)
    FLASH_IRQHandler                         0x080001b7   Thumb Code     0  startup_stm32f4xx.o(.text)
    FPU_IRQHandler                           0x080001b7   Thumb Code     0  startup_stm32f4xx.o(.text)
    FSMC_IRQHandler                          0x080001b7   Thumb Code     0  startup_stm32f4xx.o(.text)
    HASH_RNG_IRQHandler                      0x080001b7   Thumb Code     0  startup_stm32f4xx.o(.text)
    I2C1_ER_IRQHandler                       0x080001b7   Thumb Code     0  startup_stm32f4xx.o(.text)
    I2C1_EV_IRQHandler                       0x080001b7   Thumb Code     0  startup_stm32f4xx.o(.text)
    I2C2_ER_IRQHandler                       0x080001b7   Thumb Code     0  startup_stm32f4xx.o(.text)
    I2C2_EV_IRQHandler                       0x080001b7   Thumb Code     0  startup_stm32f4xx.o(.text)
    I2C3_ER_IRQHandler                       0x080001b7   Thumb Code     0  startup_stm32f4xx.o(.text)
    I2C3_EV_IRQHandler                       0x080001b7   Thumb Code     0  startup_stm32f4xx.o(.text)
    OTG_FS_IRQHandler                        0x080001b7   Thumb Code     0  startup_stm32f4xx.o(.text)
    OTG_FS_WKUP_IRQHandler                   0x080001b7   Thumb Code     0  startup_stm32f4xx.o(.text)
    OTG_HS_EP1_IN_IRQHandler                 0x080001b7   Thumb Code     0  startup_stm32f4xx.o(.text)
    OTG_HS_EP1_OUT_IRQHandler                0x080001b7   Thumb Code     0  startup_stm32f4xx.o(.text)
    OTG_HS_IRQHandler                        0x080001b7   Thumb Code     0  startup_stm32f4xx.o(.text)
    OTG_HS_WKUP_IRQHandler                   0x080001b7   Thumb Code     0  startup_stm32f4xx.o(.text)
    PVD_IRQHandler                           0x080001b7   Thumb Code     0  startup_stm32f4xx.o(.text)
    RCC_IRQHandler                           0x080001b7   Thumb Code     0  startup_stm32f4xx.o(.text)
    RTC_Alarm_IRQHandler                     0x080001b7   Thumb Code     0  startup_stm32f4xx.o(.text)
    RTC_WKUP_IRQHandler                      0x080001b7   Thumb Code     0  startup_stm32f4xx.o(.text)
    SDIO_IRQHandler                          0x080001b7   Thumb Code     0  startup_stm32f4xx.o(.text)
    SPI1_IRQHandler                          0x080001b7   Thumb Code     0  startup_stm32f4xx.o(.text)
    SPI2_IRQHandler                          0x080001b7   Thumb Code     0  startup_stm32f4xx.o(.text)
    SPI3_IRQHandler                          0x080001b7   Thumb Code     0  startup_stm32f4xx.o(.text)
    TAMP_STAMP_IRQHandler                    0x080001b7   Thumb Code     0  startup_stm32f4xx.o(.text)
    TIM1_BRK_TIM9_IRQHandler                 0x080001b7   Thumb Code     0  startup_stm32f4xx.o(.text)
    TIM1_CC_IRQHandler                       0x080001b7   Thumb Code     0  startup_stm32f4xx.o(.text)
    TIM1_TRG_COM_TIM11_IRQHandler            0x080001b7   Thumb Code     0  startup_stm32f4xx.o(.text)
    TIM1_UP_TIM10_IRQHandler                 0x080001b7   Thumb Code     0  startup_stm32f4xx.o(.text)
    TIM3_IRQHandler                          0x080001b7   Thumb Code     0  startup_stm32f4xx.o(.text)
    TIM4_IRQHandler                          0x080001b7   Thumb Code     0  startup_stm32f4xx.o(.text)
    TIM5_IRQHandler                          0x080001b7   Thumb Code     0  startup_stm32f4xx.o(.text)
    TIM6_DAC_IRQHandler                      0x080001b7   Thumb Code     0  startup_stm32f4xx.o(.text)
    TIM7_IRQHandler                          0x080001b7   Thumb Code     0  startup_stm32f4xx.o(.text)
    TIM8_BRK_TIM12_IRQHandler                0x080001b7   Thumb Code     0  startup_stm32f4xx.o(.text)
    TIM8_CC_IRQHandler                       0x080001b7   Thumb Code     0  startup_stm32f4xx.o(.text)
    TIM8_TRG_COM_TIM14_IRQHandler            0x080001b7   Thumb Code     0  startup_stm32f4xx.o(.text)
    TIM8_UP_TIM13_IRQHandler                 0x080001b7   Thumb Code     0  startup_stm32f4xx.o(.text)
    UART4_IRQHandler                         0x080001b7   Thumb Code     0  startup_stm32f4xx.o(.text)
    UART5_IRQHandler                         0x080001b7   Thumb Code     0  startup_stm32f4xx.o(.text)
    USART2_IRQHandler                        0x080001b7   Thumb Code     0  startup_stm32f4xx.o(.text)
    USART3_IRQHandler                        0x080001b7   Thumb Code     0  startup_stm32f4xx.o(.text)
    USART6_IRQHandler                        0x080001b7   Thumb Code     0  startup_stm32f4xx.o(.text)
    WWDG_IRQHandler                          0x080001b7   Thumb Code     0  startup_stm32f4xx.o(.text)
    OS_CPU_SR_Save                           0x080001c1   Thumb Code     0  os_cpu_a.o(.text)
    OS_CPU_SR_Restore                        0x080001c9   Thumb Code     0  os_cpu_a.o(.text)
    OSStartHighRdy                           0x080001cf   Thumb Code     0  os_cpu_a.o(.text)
    OSCtxSw                                  0x080001ef   Thumb Code     0  os_cpu_a.o(.text)
    OSIntCtxSw                               0x080001f9   Thumb Code     0  os_cpu_a.o(.text)
    PendSV_Handler                           0x08000203   Thumb Code     0  os_cpu_a.o(.text)
    __aeabi_dadd                             0x08000271   Thumb Code   322  dadd.o(.text)
    __aeabi_dsub                             0x080003b3   Thumb Code     6  dadd.o(.text)
    __aeabi_drsub                            0x080003b9   Thumb Code     6  dadd.o(.text)
    __aeabi_dmul                             0x080003bf   Thumb Code   228  dmul.o(.text)
    __aeabi_ddiv                             0x080004a3   Thumb Code   222  ddiv.o(.text)
    __aeabi_i2d                              0x08000581   Thumb Code    34  dflti.o(.text)
    __aeabi_ui2d                             0x080005a3   Thumb Code    26  dfltui.o(.text)
    __aeabi_d2iz                             0x080005bd   Thumb Code    62  dfixi.o(.text)
    __aeabi_d2uiz                            0x080005fb   Thumb Code    50  dfixui.o(.text)
    __aeabi_f2d                              0x0800062d   Thumb Code    38  f2d.o(.text)
    __aeabi_cdrcmple                         0x08000655   Thumb Code    48  cdrcmple.o(.text)
    __aeabi_d2f                              0x08000685   Thumb Code    56  d2f.o(.text)
    __aeabi_llsl                             0x080006bd   Thumb Code    30  llshl.o(.text)
    _ll_shift_l                              0x080006bd   Thumb Code     0  llshl.o(.text)
    __aeabi_llsr                             0x080006db   Thumb Code    32  llushr.o(.text)
    _ll_ushift_r                             0x080006db   Thumb Code     0  llushr.o(.text)
    __aeabi_lasr                             0x080006fb   Thumb Code    36  llsshr.o(.text)
    _ll_sshift_r                             0x080006fb   Thumb Code     0  llsshr.o(.text)
    __I$use$fp                               0x0800071f   Thumb Code     0  iusefp.o(.text)
    _float_round                             0x0800071f   Thumb Code    18  fepilogue.o(.text)
    _float_epilogue                          0x08000731   Thumb Code    92  fepilogue.o(.text)
    _double_round                            0x0800078d   Thumb Code    30  depilogue.o(.text)
    _double_epilogue                         0x080007ab   Thumb Code   156  depilogue.o(.text)
    _dsqrt                                   0x08000847   Thumb Code   162  dsqrt.o(.text)
    __scatterload                            0x080008e9   Thumb Code    28  init.o(.text)
    __scatterload_rt2                        0x080008e9   Thumb Code     0  init.o(.text)
    __decompress                             0x0800090d   Thumb Code     0  __dclz77c.o(.text)
    __decompress2                            0x0800090d   Thumb Code    94  __dclz77c.o(.text)
    ANGLE_task                               0x0800096b   Thumb Code    14  main.o(i.ANGLE_task)
    Accelerated_Send                         0x08000979   Thumb Code   106  can.o(i.Accelerated_Send)
    Answer_Master                            0x080009ed   Thumb Code    74  can.o(i.Answer_Master)
    BusFault_Handler                         0x08000a41   Thumb Code     4  stm32f4xx_it.o(i.BusFault_Handler)
    CAN1_RX0_IRQHandler                      0x08000a45   Thumb Code  2012  can.o(i.CAN1_RX0_IRQHandler)
    CAN_ClearITPendingBit                    0x08001239   Thumb Code   162  stm32f4xx_can.o(i.CAN_ClearITPendingBit)
    CAN_DeInit                               0x080012e1   Thumb Code    50  stm32f4xx_can.o(i.CAN_DeInit)
    CAN_FilterInit                           0x08001319   Thumb Code   258  stm32f4xx_can.o(i.CAN_FilterInit)
    CAN_GetITStatus                          0x08001421   Thumb Code   284  stm32f4xx_can.o(i.CAN_GetITStatus)
    CAN_ITConfig                             0x08001541   Thumb Code    18  stm32f4xx_can.o(i.CAN_ITConfig)
    CAN_Init                                 0x08001553   Thumb Code   276  stm32f4xx_can.o(i.CAN_Init)
    CAN_Receive                              0x08001667   Thumb Code   240  stm32f4xx_can.o(i.CAN_Receive)
    CAN_StructInit                           0x08001757   Thumb Code    32  stm32f4xx_can.o(i.CAN_StructInit)
    CAN_Transmit                             0x08001777   Thumb Code   294  stm32f4xx_can.o(i.CAN_Transmit)
    CountAngel                               0x080018b1   Thumb Code  1322  positioncount.o(i.CountAngel)
    CountPosition                            0x08001df9   Thumb Code  1188  positioncount.o(i.CountPosition)
    CountSpeed                               0x080022a1   Thumb Code   728  positioncount.o(i.CountSpeed)
    DMA2_Stream7_IRQHandler                  0x080025d5   Thumb Code    26  usart1.o(i.DMA2_Stream7_IRQHandler)
    DMA_ClearITPendingBit                    0x080025f9   Thumb Code    38  stm32f4xx_dma.o(i.DMA_ClearITPendingBit)
    DMA_Cmd                                  0x0800262d   Thumb Code    22  stm32f4xx_dma.o(i.DMA_Cmd)
    DMA_DeInit                               0x08002645   Thumb Code   324  stm32f4xx_dma.o(i.DMA_DeInit)
    DMA_GetITStatus                          0x0800279d   Thumb Code    82  stm32f4xx_dma.o(i.DMA_GetITStatus)
    DMA_ITConfig                             0x08002801   Thumb Code    58  stm32f4xx_dma.o(i.DMA_ITConfig)
    DMA_Init                                 0x0800283d   Thumb Code    82  stm32f4xx_dma.o(i.DMA_Init)
    DMA_SetCurrDataCounter                   0x08002895   Thumb Code     4  stm32f4xx_dma.o(i.DMA_SetCurrDataCounter)
    DeQueue                                  0x08002899   Thumb Code    42  queue.o(i.DeQueue)
    DebugMon_Handler                         0x080028c3   Thumb Code     2  stm32f4xx_it.o(i.DebugMon_Handler)
    EXkal_flt_init                           0x080028c5   Thumb Code   110  filter.o(i.EXkal_flt_init)
    Encoder_Get_CNT                          0x08002949   Thumb Code    46  qeptime.o(i.Encoder_Get_CNT)
    Encoder_Start                            0x08002989   Thumb Code    14  qeptime.o(i.Encoder_Start)
    GPIO_Init                                0x080029a1   Thumb Code   144  stm32f4xx_gpio.o(i.GPIO_Init)
    GPIO_PinAFConfig                         0x08002a31   Thumb Code    70  stm32f4xx_gpio.o(i.GPIO_PinAFConfig)
    GPIO_ResetBits                           0x08002a77   Thumb Code     4  stm32f4xx_gpio.o(i.GPIO_ResetBits)
    GPIO_SetBits                             0x08002a7b   Thumb Code     4  stm32f4xx_gpio.o(i.GPIO_SetBits)
    GPIO_ToggleBits                          0x08002a7f   Thumb Code     8  stm32f4xx_gpio.o(i.GPIO_ToggleBits)
    GYRO_Reset                               0x08002a89   Thumb Code    68  positioncount.o(i.GYRO_Reset)
    GetQueueLength                           0x08002ad5   Thumb Code    46  queue.o(i.GetQueueLength)
    HardFault_Handler                        0x08002b05   Thumb Code    36  stm32f4xx_it.o(i.HardFault_Handler)
    IIR_init                                 0x08002b2d   Thumb Code    20  filter.o(i.IIR_init)
    KAL_filter                               0x08002b49   Thumb Code   338  kalman.o(i.KAL_filter)
    LED_task                                 0x08002ca5   Thumb Code    82  main.o(i.LED_task)
    MemManage_Handler                        0x08002d09   Thumb Code     4  stm32f4xx_it.o(i.MemManage_Handler)
    NMI_Handler                              0x08002d0d   Thumb Code     2  stm32f4xx_it.o(i.NMI_Handler)
    NVIC_Init                                0x08002d11   Thumb Code   106  misc.o(i.NVIC_Init)
    NVIC_PriorityGroupConfig                 0x08002d89   Thumb Code    10  misc.o(i.NVIC_PriorityGroupConfig)
    OSInit                                   0x08002d9d   Thumb Code    48  os_core.o(i.OSInit)
    OSInitHookBegin                          0x08002dcd   Thumb Code     2  os_cpu_c.o(i.OSInitHookBegin)
    OSInitHookEnd                            0x08002dcf   Thumb Code     2  os_cpu_c.o(i.OSInitHookEnd)
    OSIntExit                                0x08002dd1   Thumb Code   112  os_core.o(i.OSIntExit)
    OSStart                                  0x08002e61   Thumb Code    48  os_core.o(i.OSStart)
    OSTCBInitHook                            0x08002ea9   Thumb Code     2  os_cpu_c.o(i.OSTCBInitHook)
    OSTaskCreate                             0x08002ead   Thumb Code   148  os_task.o(i.OSTaskCreate)
    OSTaskCreateExt                          0x08002f4d   Thumb Code   170  os_task.o(i.OSTaskCreateExt)
    OSTaskCreateHook                         0x08003005   Thumb Code     2  os_cpu_c.o(i.OSTaskCreateHook)
    OSTaskIdleHook                           0x08003007   Thumb Code     2  os_cpu_c.o(i.OSTaskIdleHook)
    OSTaskNameSet                            0x08003009   Thumb Code    98  os_task.o(i.OSTaskNameSet)
    OSTaskStatHook                           0x08003079   Thumb Code     2  os_cpu_c.o(i.OSTaskStatHook)
    OSTaskStkChk                             0x0800307d   Thumb Code   128  os_task.o(i.OSTaskStkChk)
    OSTaskStkInit                            0x08003105   Thumb Code   482  os_cpu_c.o(i.OSTaskStkInit)
    OSTaskSuspend                            0x080032e9   Thumb Code   152  os_task.o(i.OSTaskSuspend)
    OSTaskSwHook                             0x08003391   Thumb Code     2  os_cpu_c.o(i.OSTaskSwHook)
    OSTimeDly                                0x08003395   Thumb Code   100  os_time.o(i.OSTimeDly)
    OSTimeGet                                0x0800340d   Thumb Code    24  os_time.o(i.OSTimeGet)
    OSTimeTick                               0x08003429   Thumb Code   210  os_core.o(i.OSTimeTick)
    OSTimeTickHook                           0x08003515   Thumb Code     2  os_cpu_c.o(i.OSTimeTickHook)
    OS_CPU_SysTickInit                       0x08003519   Thumb Code    86  os_cpu_c.o(i.OS_CPU_SysTickInit)
    OS_FlagInit                              0x08003579   Thumb Code    74  os_flag.o(i.OS_FlagInit)
    OS_MemClr                                0x080037dd   Thumb Code    18  os_core.o(i.OS_MemClr)
    OS_MemInit                               0x080037f1   Thumb Code    74  os_mem.o(i.OS_MemInit)
    OS_QInit                                 0x08003849   Thumb Code    72  os_q.o(i.OS_QInit)
    OS_Sched                                 0x08003899   Thumb Code    88  os_core.o(i.OS_Sched)
    OS_TCBInit                               0x08003939   Thumb Code   290  os_core.o(i.OS_TCBInit)
    OS_TaskIdle                              0x08003a79   Thumb Code    34  os_core.o(i.OS_TaskIdle)
    OS_TaskStat                              0x08003aa1   Thumb Code   144  os_core.o(i.OS_TaskStat)
    OS_TaskStatStkChk                        0x08003b45   Thumb Code    54  os_core.o(i.OS_TaskStatStkChk)
    OS_TaskStkClr                            0x08003b81   Thumb Code    26  os_task.o(i.OS_TaskStkClr)
    POSI_task                                0x08003b9d   Thumb Code    96  main.o(i.POSI_task)
    Position_Send                            0x08003c19   Thumb Code   262  can.o(i.Position_Send)
    QEPtime_config                           0x08003d31   Thumb Code   176  qeptime.o(i.QEPtime_config)
    RCC_AHB1PeriphClockCmd                   0x08003ded   Thumb Code    26  stm32f4xx_rcc.o(i.RCC_AHB1PeriphClockCmd)
    RCC_APB1PeriphClockCmd                   0x08003e0d   Thumb Code    26  stm32f4xx_rcc.o(i.RCC_APB1PeriphClockCmd)
    RCC_APB1PeriphResetCmd                   0x08003e2d   Thumb Code    26  stm32f4xx_rcc.o(i.RCC_APB1PeriphResetCmd)
    RCC_APB2PeriphClockCmd                   0x08003e4d   Thumb Code    26  stm32f4xx_rcc.o(i.RCC_APB2PeriphClockCmd)
    RCC_GetClocksFreq                        0x08003e6d   Thumb Code   214  stm32f4xx_rcc.o(i.RCC_GetClocksFreq)
    RePosition_Send                          0x08003f55   Thumb Code    78  can.o(i.RePosition_Send)
    Reset_RS                                 0x08003fad   Thumb Code    60  can.o(i.Reset_RS)
    SVC_Handler                              0x08003ff1   Thumb Code     2  stm32f4xx_it.o(i.SVC_Handler)
    Speed_Send                               0x080040e1   Thumb Code   218  can.o(i.Speed_Send)
    SysTick_Handler                          0x080041c5   Thumb Code    44  os_cpu_c.o(i.SysTick_Handler)
    SystemInit                               0x080041f9   Thumb Code    88  system_stm32f4xx.o(i.SystemInit)
    TIM2_IRQHandler                          0x08004261   Thumb Code    94  time2.o(i.TIM2_IRQHandler)
    TIM_ClearFlag                            0x080042cd   Thumb Code     6  stm32f4xx_tim.o(i.TIM_ClearFlag)
    TIM_ClearITPendingBit                    0x080042d3   Thumb Code     6  stm32f4xx_tim.o(i.TIM_ClearITPendingBit)
    TIM_Cmd                                  0x080042d9   Thumb Code    24  stm32f4xx_tim.o(i.TIM_Cmd)
    TIM_EncoderInterfaceConfig               0x080042f1   Thumb Code    66  stm32f4xx_tim.o(i.TIM_EncoderInterfaceConfig)
    TIM_GetITStatus                          0x08004333   Thumb Code    34  stm32f4xx_tim.o(i.TIM_GetITStatus)
    TIM_ITConfig                             0x08004355   Thumb Code    18  stm32f4xx_tim.o(i.TIM_ITConfig)
    TIM_TimeBaseInit                         0x08004369   Thumb Code   104  stm32f4xx_tim.o(i.TIM_TimeBaseInit)
    TRANS_task                               0x080043ed   Thumb Code    50  main.o(i.TRANS_task)
    USART1_IRQHandler                        0x08004431   Thumb Code   318  usart1.o(i.USART1_IRQHandler)
    USART_ClearFlag                          0x080045a9   Thumb Code    18  stm32f4xx_usart.o(i.USART_ClearFlag)
    USART_ClearITPendingBit                  0x080045bb   Thumb Code    30  stm32f4xx_usart.o(i.USART_ClearITPendingBit)
    USART_Cmd                                0x080045d9   Thumb Code    24  stm32f4xx_usart.o(i.USART_Cmd)
    USART_DMACmd                             0x080045f1   Thumb Code    18  stm32f4xx_usart.o(i.USART_DMACmd)
    USART_GetITStatus                        0x08004603   Thumb Code    84  stm32f4xx_usart.o(i.USART_GetITStatus)
    USART_ITConfig                           0x08004657   Thumb Code    74  stm32f4xx_usart.o(i.USART_ITConfig)
    USART_Init                               0x080046a1   Thumb Code   204  stm32f4xx_usart.o(i.USART_Init)
    USART_ReceiveData                        0x08004775   Thumb Code    10  stm32f4xx_usart.o(i.USART_ReceiveData)
    USART_TxHandler                          0x08004781   Thumb Code    74  usart1.o(i.USART_TxHandler)
    UsageFault_Handler                       0x080047d9   Thumb Code     4  stm32f4xx_it.o(i.UsageFault_Handler)
    __ARM_fpclassify                         0x080047dd   Thumb Code    48  fpclassify.o(i.__ARM_fpclassify)
    __hardfp_cos                             0x08004811   Thumb Code   180  cos.o(i.__hardfp_cos)
    __hardfp_fabs                            0x080048d9   Thumb Code    20  fabs.o(i.__hardfp_fabs)
    __hardfp_sin                             0x080048f1   Thumb Code   180  sin.o(i.__hardfp_sin)
    __hardfp_sqrt                            0x080049b9   Thumb Code   122  sqrt.o(i.__hardfp_sqrt)
    __ieee754_rem_pio2                       0x08004a39   Thumb Code   938  rred.o(i.__ieee754_rem_pio2)
    __kernel_cos                             0x08004e71   Thumb Code   322  cos_i.o(i.__kernel_cos)
    __kernel_poly                            0x08004fe1   Thumb Code   248  poly.o(i.__kernel_poly)
    __kernel_sin                             0x080050d9   Thumb Code   280  sin_i.o(i.__kernel_sin)
    __mathlib_dbl_infnan                     0x08005209   Thumb Code    20  dunder.o(i.__mathlib_dbl_infnan)
    __mathlib_dbl_invalid                    0x08005221   Thumb Code    24  dunder.o(i.__mathlib_dbl_invalid)
    __mathlib_dbl_underflow                  0x08005241   Thumb Code    24  dunder.o(i.__mathlib_dbl_underflow)
    __scatterload_copy                       0x08005261   Thumb Code    14  handlers.o(i.__scatterload_copy)
    __scatterload_null                       0x0800526f   Thumb Code     2  handlers.o(i.__scatterload_null)
    __scatterload_zeroinit                   0x08005271   Thumb Code    14  handlers.o(i.__scatterload_zeroinit)
    __set_errno                              0x08005281   Thumb Code     6  errno.o(i.__set_errno)
    can_init                                 0x0800528d   Thumb Code   320  can.o(i.can_init)
    combination_filter                       0x080053d5   Thumb Code   258  filter.o(i.combination_filter)
    delay_ms                                 0x080054e9   Thumb Code    32  delay.o(i.delay_ms)
    fabs                                     0x08005509   Thumb Code    24  fabs.o(i.fabs)
    kal_flt_init                             0x08005521   Thumb Code   110  filter.o(i.kal_flt_init)
    kalman_filter                            0x080055a5   Thumb Code   114  filter.o(i.kalman_filter)
    kalman_init                              0x08005619   Thumb Code    50  kalman.o(i.kalman_init)
    led_config                               0x0800566d   Thumb Code    66  led.o(i.led_config)
    main                                     0x080056b5   Thumb Code   106  main.o(i.main)
    second_order_exkalman_filter             0x08005749   Thumb Code   414  filter.o(i.second_order_exkalman_filter)
    second_order_init                        0x080058ed   Thumb Code   386  filter.o(i.second_order_init)
    start_task                               0x08005a81   Thumb Code    80  main.o(i.start_task)
    time2_config                             0x08005af1   Thumb Code    94  time2.o(i.time2_config)
    usart1_init                              0x08005b51   Thumb Code   294  usart1.o(i.usart1_init)
    OSUnMapTbl                               0x08005c88   Data         256  os_core.o(.constdata)
    Region$$Table$$Base                      0x08005ea8   Number         0  anon$$obj.o(Region$$Table)
    Region$$Table$$Limit                     0x08005ec8   Number         0  anon$$obj.o(Region$$Table)
    kal_input                                0x20000008   Data           4  filter.o(.data)
    IIR_input                                0x2000000c   Data           4  filter.o(.data)
    kal_output                               0x20000010   Data           4  filter.o(.data)
    sec_output                               0x20000014   Data           4  filter.o(.data)
    second_order_exkalman_output             0x20000018   Data           4  filter.o(.data)
    cha                                      0x2000001c   Data           4  filter.o(.data)
    point                                    0x20000020   Data           4  filter.o(.data)
    ANGLE_FLAG                               0x20000030   Data           2  main.o(.data)
    RST_flag                                 0x20000032   Data           2  main.o(.data)
    TRANS_FLAG                               0x20000034   Data           2  main.o(.data)
    LED_FLAG                                 0x20000036   Data           2  main.o(.data)
    CANTransSuccess_flag                     0x20000038   Data           1  main.o(.data)
    x_del                                    0x20000048   Data           4  positioncount.o(.data)
    y_del                                    0x2000004c   Data           4  positioncount.o(.data)
    a_del                                    0x20000050   Data           4  positioncount.o(.data)
    Gyro_angle_delta                         0x20000054   Data           4  positioncount.o(.data)
    Position_Now                             0x20000058   Data          24  positioncount.o(.data)
    zp_now_position                          0x20000070   Data           4  positioncount.o(.data)
    zp_sum                                   0x20000078   Data           8  positioncount.o(.data)
    angle                                    0x20000080   Data           8  positioncount.o(.data)
    filted_rate                              0x20000088   Data           8  positioncount.o(.data)
    init_flag                                0x20000090   Data           1  positioncount.o(.data)
    POS_SCALE                                0x20000094   Data           4  positioncount.o(.data)
    NEG_SCALE                                0x20000098   Data           4  positioncount.o(.data)
    POS_CM_PER_CNT_1                         0x2000009c   Data           4  positioncount.o(.data)
    POS_CM_PER_CNT_2                         0x200000a0   Data           4  positioncount.o(.data)
    NEG_CM_PER_CNT_1                         0x200000a4   Data           4  positioncount.o(.data)
    NEG_CM_PER_CNT_2                         0x200000a8   Data           4  positioncount.o(.data)
    CM_PER_CNT_1                             0x200000ac   Data           4  positioncount.o(.data)
    CM_PER_CNT_2                             0x200000b0   Data           4  positioncount.o(.data)
    OO_distance                              0x200000b4   Data           4  positioncount.o(.data)
    Angle_XX                                 0x200000b8   Data           4  positioncount.o(.data)
    Angle_OO                                 0x200000bc   Data           4  positioncount.o(.data)
    mp_angle_wrong                           0x200000c0   Data           4  positioncount.o(.data)
    SCALE_TAB                                0x200000c4   Data        5604  positioncount.o(.data)
    msg_Angle_OO                             0x200016a8   Data           4  positioncount.o(.data)
    msg_OO_distance                          0x200016ac   Data           4  positioncount.o(.data)
    K1                                       0x200016b0   Data           4  positioncount.o(.data)
    K2                                       0x200016b4   Data           4  positioncount.o(.data)
    arc_K1                                   0x200016b8   Data           4  positioncount.o(.data)
    arc_K2                                   0x200016bc   Data           4  positioncount.o(.data)
    course_sum_1                             0x200016c0   Data           4  positioncount.o(.data)
    course_sum_2                             0x200016c4   Data           4  positioncount.o(.data)
    time                                     0x200016c8   Data           4  positioncount.o(.data)
    time_last                                0x200016cc   Data           4  positioncount.o(.data)
    time_det                                 0x200016d0   Data           4  positioncount.o(.data)
    speed_Vnow                               0x200016d4   Data           4  positioncount.o(.data)
    speed_Vlast                              0x200016d8   Data           4  positioncount.o(.data)
    Accelerated_Speed                        0x200016dc   Data           4  positioncount.o(.data)
    u                                        0x200016e0   Data           4  positioncount.o(.data)
    DeltaCntEncoder1                         0x200016e4   Data           4  qeptime.o(.data)
    DeltaCntEncoder2                         0x200016e8   Data           4  qeptime.o(.data)
    ErrFlag                                  0x200016f8   Data           5  can.o(.data)
    Flag_Reset                               0x200016fd   Data           1  can.o(.data)
    SetSpeed                                 0x20001700   Data           4  can.o(.data)
    positionx                                0x20001704   Data           4  can.o(.data)
    positiony                                0x20001708   Data           4  can.o(.data)
    speedx                                   0x2000170c   Data           4  can.o(.data)
    speedy                                   0x20001710   Data           4  can.o(.data)
    dbg_show_enable                          0x20001730   Data           1  usart1.o(.data)
    HEAD_FLAG                                0x20001731   Data           1  usart1.o(.data)
    RX_FLAG                                  0x20001732   Data           1  usart1.o(.data)
    Data_len                                 0x20001734   Data           2  usart1.o(.data)
    Data_Yesense                             0x20001736   Data          98  usart1.o(.data)
    res                                      0x20001798   Data           4  usart1.o(.data)
    flag_rx_start                            0x2000179c   Data           1  usart1.o(.data)
    rx_num                                   0x2000179e   Data           2  usart1.o(.data)
    Angular_Velocity                         0x200017a0   Data           8  usart1.o(.data)
    j                                        0x200017a8   Data           4  usart1.o(.data)
    temp                                     0x200017ac   Data           1  usart1.o(.data)
    sum                                      0x200017ae   Data           2  usart1.o(.data)
    Cal_temp                                 0x200017b0   Data           4  usart1.o(.data)
    s                                        0x200017b4   Data           2  usart1.o(.data)
    ps                                       0x200017b8   Data           4  usart1.o(.data)
    pret                                     0x200017bc   Data           4  usart1.o(.data)
    num_loss                                 0x200017c0   Data           4  usart1.o(.data)
    OSCtxSwCtr                               0x200017d4   Data           4  os_core.o(.data)
    OSEventFreeList                          0x200017d8   Data           4  os_core.o(.data)
    OSFlagFreeList                           0x200017dc   Data           4  os_core.o(.data)
    OSCPUUsage                               0x200017e0   Data           1  os_core.o(.data)
    OSIdleCtrMax                             0x200017e4   Data           4  os_core.o(.data)
    OSIdleCtrRun                             0x200017e8   Data           4  os_core.o(.data)
    OSStatRdy                                0x200017ec   Data           1  os_core.o(.data)
    OSIntNesting                             0x200017ed   Data           1  os_core.o(.data)
    OSLockNesting                            0x200017ee   Data           1  os_core.o(.data)
    OSPrioCur                                0x200017ef   Data           1  os_core.o(.data)
    OSPrioHighRdy                            0x200017f0   Data           1  os_core.o(.data)
    OSRdyGrp                                 0x200017f1   Data           1  os_core.o(.data)
    OSRdyTbl                                 0x200017f2   Data           8  os_core.o(.data)
    OSRunning                                0x200017fa   Data           1  os_core.o(.data)
    OSTaskCtr                                0x200017fb   Data           1  os_core.o(.data)
    OSIdleCtr                                0x200017fc   Data           4  os_core.o(.data)
    OSTCBCur                                 0x20001800   Data           4  os_core.o(.data)
    OSTCBFreeList                            0x20001804   Data           4  os_core.o(.data)
    OSTCBHighRdy                             0x20001808   Data           4  os_core.o(.data)
    OSTCBList                                0x2000180c   Data           4  os_core.o(.data)
    OSTickStepState                          0x20001810   Data           1  os_core.o(.data)
    OSMemFreeList                            0x20001814   Data           4  os_core.o(.data)
    OSQFreeList                              0x20001818   Data           4  os_core.o(.data)
    OSTime                                   0x2000181c   Data           4  os_core.o(.data)
    tick_ms                                  0x20001820   Data           4  os_cpu_c.o(.data)
    kal_filter                               0x20001828   Data          44  filter.o(.bss)
    EXkal_filter                             0x20001854   Data          44  filter.o(.bss)
    second_order_flt                         0x20001880   Data          44  filter.o(.bss)
    comb_flt                                 0x200018b0   Data          48  filter.o(.bss)
    IIR_flt                                  0x200018e0   Data          12  filter.o(.bss)
    kalman_Encoder1                          0x200018f0   Data          64  kalman.o(.bss)
    kalman_Encoder2                          0x20001930   Data          64  kalman.o(.bss)
    kalman_Vx                                0x20001970   Data          64  kalman.o(.bss)
    kalman_Vy                                0x200019b0   Data          64  kalman.o(.bss)
    kalman_Vw                                0x200019f0   Data          64  kalman.o(.bss)
    kalman_Accelerate                        0x20001a30   Data          64  kalman.o(.bss)
    kalmanVx                                 0x20001a70   Data          64  kalman.o(.bss)
    kalmanVy                                 0x20001ab0   Data          64  kalman.o(.bss)
    kalmanVw                                 0x20001af0   Data          64  kalman.o(.bss)
    kalmanAccelerate                         0x20001b30   Data          64  kalman.o(.bss)
    START_TASK_STK                           0x20001b70   Data        4096  main.o(.bss)
    ANGLE_TASK_STK                           0x20002b70   Data        4096  main.o(.bss)
    POSI_TASK_STK                            0x20003b70   Data        4096  main.o(.bss)
    TRANS_TASK_STK                           0x20004b70   Data        4096  main.o(.bss)
    LED_TASK_STK                             0x20005b70   Data        4096  main.o(.bss)
    Position                                 0x20006b70   Data          24  positioncount.o(.bss)
    Position_Last                            0x20006b88   Data          24  positioncount.o(.bss)
    Speed_Now                                0x20006ba0   Data          16  positioncount.o(.bss)
    Speed_temp                               0x20006bb0   Data          16  positioncount.o(.bss)
    zp_data                                  0x20006bc0   Data       16000  positioncount.o(.bss)
    aTxBuffer                                0x2000aa40   Data          50  usart1.o(.bss)
    TxBuffer                                 0x2000aa74   Data         212  usart1.o(.bss)
    USART_RX_BUF                             0x2000ab48   Data          12  usart1.o(.bss)
    OSEventTbl                               0x2000ab54   Data         300  os_core.o(.bss)
    OSFlagTbl                                0x2000ac80   Data          80  os_core.o(.bss)
    OSTaskStatStk                            0x2000acd0   Data        1024  os_core.o(.bss)
    OSTaskIdleStk                            0x2000b0d0   Data         512  os_core.o(.bss)
    OSTCBPrioTbl                             0x2000b2d0   Data         256  os_core.o(.bss)
    OSTCBTbl                                 0x2000b3d0   Data        5292  os_core.o(.bss)
    OSMemTbl                                 0x2000c87c   Data         120  os_core.o(.bss)
    OSQTbl                                   0x2000c8f4   Data          96  os_core.o(.bss)
    __initial_sp                             0x2000cd58   Data           0  startup_stm32f4xx.o(STACK)



==============================================================================

Memory Map of the image

  Image Entry point : 0x08000189

  Load Region LR_IROM1 (Base: 0x08000000, Size: 0x000076f0, Max: 0x00100000, ABSOLUTE, COMPRESSED[0x00007354])

    Execution Region ER_IROM1 (Base: 0x08000000, Size: 0x00005ec8, Max: 0x00100000, ABSOLUTE)

    Base Addr    Size         Type   Attr      Idx    E Section Name        Object

    0x08000000   0x00000188   Data   RO         3011    RESET               startup_stm32f4xx.o
    0x08000188   0x00000000   Code   RO         4065  * .ARM.Collect$$$$00000000  mc_w.l(entry.o)
    0x08000188   0x00000004   Code   RO         4146    .ARM.Collect$$$$00000001  mc_w.l(entry2.o)
    0x0800018c   0x00000004   Code   RO         4149    .ARM.Collect$$$$00000004  mc_w.l(entry5.o)
    0x08000190   0x00000000   Code   RO         4151    .ARM.Collect$$$$00000008  mc_w.l(entry7b.o)
    0x08000190   0x00000000   Code   RO         4153    .ARM.Collect$$$$0000000A  mc_w.l(entry8b.o)
    0x08000190   0x00000008   Code   RO         4154    .ARM.Collect$$$$0000000B  mc_w.l(entry9a.o)
    0x08000198   0x00000000   Code   RO         4156    .ARM.Collect$$$$0000000D  mc_w.l(entry10a.o)
    0x08000198   0x00000000   Code   RO         4158    .ARM.Collect$$$$0000000F  mc_w.l(entry11a.o)
    0x08000198   0x00000004   Code   RO         4147    .ARM.Collect$$$$00002712  mc_w.l(entry2.o)
    0x0800019c   0x00000024   Code   RO         3012    .text               startup_stm32f4xx.o
    0x080001c0   0x000000b0   Code   RO         4020    .text               os_cpu_a.o
    0x08000270   0x0000014e   Code   RO         4096    .text               mf_w.l(dadd.o)
    0x080003be   0x000000e4   Code   RO         4098    .text               mf_w.l(dmul.o)
    0x080004a2   0x000000de   Code   RO         4100    .text               mf_w.l(ddiv.o)
    0x08000580   0x00000022   Code   RO         4104    .text               mf_w.l(dflti.o)
    0x080005a2   0x0000001a   Code   RO         4106    .text               mf_w.l(dfltui.o)
    0x080005bc   0x0000003e   Code   RO         4108    .text               mf_w.l(dfixi.o)
    0x080005fa   0x00000032   Code   RO         4110    .text               mf_w.l(dfixui.o)
    0x0800062c   0x00000026   Code   RO         4112    .text               mf_w.l(f2d.o)
    0x08000652   0x00000002   PAD
    0x08000654   0x00000030   Code   RO         4114    .text               mf_w.l(cdrcmple.o)
    0x08000684   0x00000038   Code   RO         4116    .text               mf_w.l(d2f.o)
    0x080006bc   0x0000001e   Code   RO         4165    .text               mc_w.l(llshl.o)
    0x080006da   0x00000020   Code   RO         4167    .text               mc_w.l(llushr.o)
    0x080006fa   0x00000024   Code   RO         4169    .text               mc_w.l(llsshr.o)
    0x0800071e   0x00000000   Code   RO         4178    .text               mc_w.l(iusefp.o)
    0x0800071e   0x0000006e   Code   RO         4179    .text               mf_w.l(fepilogue.o)
    0x0800078c   0x000000ba   Code   RO         4181    .text               mf_w.l(depilogue.o)
    0x08000846   0x000000a2   Code   RO         4183    .text               mf_w.l(dsqrt.o)
    0x080008e8   0x00000024   Code   RO         4193    .text               mc_w.l(init.o)
    0x0800090c   0x0000005e   Code   RO         4203    .text               mc_w.l(__dclz77c.o)
    0x0800096a   0x0000000e   Code   RO          446    i.ANGLE_task        main.o
    0x08000978   0x00000074   Code   RO          695    i.Accelerated_Send  can.o
    0x080009ec   0x00000054   Code   RO          696    i.Answer_Master     can.o
    0x08000a40   0x00000004   Code   RO            4    i.BusFault_Handler  stm32f4xx_it.o
    0x08000a44   0x000007f4   Code   RO          697    i.CAN1_RX0_IRQHandler  can.o
    0x08001238   0x000000a8   Code   RO         2715    i.CAN_ClearITPendingBit  stm32f4xx_can.o
    0x080012e0   0x00000038   Code   RO         2717    i.CAN_DeInit        stm32f4xx_can.o
    0x08001318   0x00000108   Code   RO         2719    i.CAN_FilterInit    stm32f4xx_can.o
    0x08001420   0x00000120   Code   RO         2721    i.CAN_GetITStatus   stm32f4xx_can.o
    0x08001540   0x00000012   Code   RO         2725    i.CAN_ITConfig      stm32f4xx_can.o
    0x08001552   0x00000114   Code   RO         2726    i.CAN_Init          stm32f4xx_can.o
    0x08001666   0x000000f0   Code   RO         2729    i.CAN_Receive       stm32f4xx_can.o
    0x08001756   0x00000020   Code   RO         2732    i.CAN_StructInit    stm32f4xx_can.o
    0x08001776   0x00000126   Code   RO         2734    i.CAN_Transmit      stm32f4xx_can.o
    0x0800189c   0x00000012   Code   RO         2737    i.CheckITStatus     stm32f4xx_can.o
    0x080018ae   0x00000002   PAD
    0x080018b0   0x00000548   Code   RO          512    i.CountAngel        positioncount.o
    0x08001df8   0x000004a8   Code   RO          513    i.CountPosition     positioncount.o
    0x080022a0   0x00000334   Code   RO          514    i.CountSpeed        positioncount.o
    0x080025d4   0x00000024   Code   RO          803    i.DMA2_Stream7_IRQHandler  usart1.o
    0x080025f8   0x00000034   Code   RO         1054    i.DMA_ClearITPendingBit  stm32f4xx_dma.o
    0x0800262c   0x00000016   Code   RO         1055    i.DMA_Cmd           stm32f4xx_dma.o
    0x08002642   0x00000002   PAD
    0x08002644   0x00000158   Code   RO         1056    i.DMA_DeInit        stm32f4xx_dma.o
    0x0800279c   0x00000064   Code   RO         1065    i.DMA_GetITStatus   stm32f4xx_dma.o
    0x08002800   0x0000003a   Code   RO         1066    i.DMA_ITConfig      stm32f4xx_dma.o
    0x0800283a   0x00000002   PAD
    0x0800283c   0x00000058   Code   RO         1067    i.DMA_Init          stm32f4xx_dma.o
    0x08002894   0x00000004   Code   RO         1070    i.DMA_SetCurrDataCounter  stm32f4xx_dma.o
    0x08002898   0x0000002a   Code   RO          623    i.DeQueue           queue.o
    0x080028c2   0x00000002   Code   RO            5    i.DebugMon_Handler  stm32f4xx_it.o
    0x080028c4   0x00000084   Code   RO          189    i.EXkal_flt_init    filter.o
    0x08002948   0x00000040   Code   RO          581    i.Encoder_Get_CNT   qeptime.o
    0x08002988   0x00000018   Code   RO          582    i.Encoder_Start     qeptime.o
    0x080029a0   0x00000090   Code   RO         1450    i.GPIO_Init         stm32f4xx_gpio.o
    0x08002a30   0x00000046   Code   RO         1451    i.GPIO_PinAFConfig  stm32f4xx_gpio.o
    0x08002a76   0x00000004   Code   RO         1457    i.GPIO_ResetBits    stm32f4xx_gpio.o
    0x08002a7a   0x00000004   Code   RO         1458    i.GPIO_SetBits      stm32f4xx_gpio.o
    0x08002a7e   0x00000008   Code   RO         1460    i.GPIO_ToggleBits   stm32f4xx_gpio.o
    0x08002a86   0x00000002   PAD
    0x08002a88   0x0000004c   Code   RO          515    i.GYRO_Reset        positioncount.o
    0x08002ad4   0x0000002e   Code   RO          625    i.GetQueueLength    queue.o
    0x08002b02   0x00000002   PAD
    0x08002b04   0x00000028   Code   RO            6    i.HardFault_Handler  stm32f4xx_it.o
    0x08002b2c   0x0000001c   Code   RO          191    i.IIR_init          filter.o
    0x08002b48   0x0000015c   Code   RO          275    i.KAL_filter        kalman.o
    0x08002ca4   0x00000064   Code   RO          447    i.LED_task          main.o
    0x08002d08   0x00000004   Code   RO            7    i.MemManage_Handler  stm32f4xx_it.o
    0x08002d0c   0x00000002   Code   RO            8    i.NMI_Handler       stm32f4xx_it.o
    0x08002d0e   0x00000002   PAD
    0x08002d10   0x00000078   Code   RO         1005    i.NVIC_Init         misc.o
    0x08002d88   0x00000014   Code   RO         1006    i.NVIC_PriorityGroupConfig  misc.o
    0x08002d9c   0x00000030   Code   RO         3720    i.OSInit            os_core.o
    0x08002dcc   0x00000002   Code   RO         3904    i.OSInitHookBegin   os_cpu_c.o
    0x08002dce   0x00000002   Code   RO         3905    i.OSInitHookEnd     os_cpu_c.o
    0x08002dd0   0x00000090   Code   RO         3722    i.OSIntExit         os_core.o
    0x08002e60   0x00000048   Code   RO         3725    i.OSStart           os_core.o
    0x08002ea8   0x00000002   Code   RO         3906    i.OSTCBInitHook     os_cpu_c.o
    0x08002eaa   0x00000002   PAD
    0x08002eac   0x000000a0   Code   RO         3583    i.OSTaskCreate      os_task.o
    0x08002f4c   0x000000b8   Code   RO         3584    i.OSTaskCreateExt   os_task.o
    0x08003004   0x00000002   Code   RO         3907    i.OSTaskCreateHook  os_cpu_c.o
    0x08003006   0x00000002   Code   RO         3909    i.OSTaskIdleHook    os_cpu_c.o
    0x08003008   0x00000070   Code   RO         3588    i.OSTaskNameSet     os_task.o
    0x08003078   0x00000002   Code   RO         3911    i.OSTaskStatHook    os_cpu_c.o
    0x0800307a   0x00000002   PAD
    0x0800307c   0x00000088   Code   RO         3593    i.OSTaskStkChk      os_task.o
    0x08003104   0x000001e2   Code   RO         3912    i.OSTaskStkInit     os_cpu_c.o
    0x080032e6   0x00000002   PAD
    0x080032e8   0x000000a8   Code   RO         3594    i.OSTaskSuspend     os_task.o
    0x08003390   0x00000002   Code   RO         3913    i.OSTaskSwHook      os_cpu_c.o
    0x08003392   0x00000002   PAD
    0x08003394   0x00000078   Code   RO         3678    i.OSTimeDly         os_time.o
    0x0800340c   0x0000001c   Code   RO         3681    i.OSTimeGet         os_time.o
    0x08003428   0x000000ec   Code   RO         3727    i.OSTimeTick        os_core.o
    0x08003514   0x00000002   Code   RO         3914    i.OSTimeTickHook    os_cpu_c.o
    0x08003516   0x00000002   PAD
    0x08003518   0x00000060   Code   RO         3915    i.OS_CPU_SysTickInit  os_cpu_c.o
    0x08003578   0x00000058   Code   RO         3235    i.OS_FlagInit       os_flag.o
    0x080035d0   0x00000054   Code   RO         3734    i.OS_InitEventList  os_core.o
    0x08003624   0x00000054   Code   RO         3735    i.OS_InitMisc       os_core.o
    0x08003678   0x00000044   Code   RO         3736    i.OS_InitRdyList    os_core.o
    0x080036bc   0x00000080   Code   RO         3737    i.OS_InitTCBList    os_core.o
    0x0800373c   0x00000050   Code   RO         3738    i.OS_InitTaskIdle   os_core.o
    0x0800378c   0x00000050   Code   RO         3739    i.OS_InitTaskStat   os_core.o
    0x080037dc   0x00000012   Code   RO         3740    i.OS_MemClr         os_core.o
    0x080037ee   0x00000002   PAD
    0x080037f0   0x00000058   Code   RO         3367    i.OS_MemInit        os_mem.o
    0x08003848   0x00000050   Code   RO         3466    i.OS_QInit          os_q.o
    0x08003898   0x00000074   Code   RO         3742    i.OS_Sched          os_core.o
    0x0800390c   0x0000002c   Code   RO         3743    i.OS_SchedNew       os_core.o
    0x08003938   0x00000140   Code   RO         3745    i.OS_TCBInit        os_core.o
    0x08003a78   0x00000028   Code   RO         3746    i.OS_TaskIdle       os_core.o
    0x08003aa0   0x000000a4   Code   RO         3747    i.OS_TaskStat       os_core.o
    0x08003b44   0x0000003c   Code   RO         3748    i.OS_TaskStatStkChk  os_core.o
    0x08003b80   0x0000001a   Code   RO         3596    i.OS_TaskStkClr     os_task.o
    0x08003b9a   0x00000002   PAD
    0x08003b9c   0x0000007c   Code   RO          448    i.POSI_task         main.o
    0x08003c18   0x00000118   Code   RO          698    i.Position_Send     can.o
    0x08003d30   0x000000bc   Code   RO          583    i.QEPtime_config    qeptime.o
    0x08003dec   0x00000020   Code   RO         1551    i.RCC_AHB1PeriphClockCmd  stm32f4xx_rcc.o
    0x08003e0c   0x00000020   Code   RO         1560    i.RCC_APB1PeriphClockCmd  stm32f4xx_rcc.o
    0x08003e2c   0x00000020   Code   RO         1562    i.RCC_APB1PeriphResetCmd  stm32f4xx_rcc.o
    0x08003e4c   0x00000020   Code   RO         1563    i.RCC_APB2PeriphClockCmd  stm32f4xx_rcc.o
    0x08003e6c   0x000000e8   Code   RO         1572    i.RCC_GetClocksFreq  stm32f4xx_rcc.o
    0x08003f54   0x00000058   Code   RO          699    i.RePosition_Send   can.o
    0x08003fac   0x00000044   Code   RO          700    i.Reset_RS          can.o
    0x08003ff0   0x00000002   Code   RO            9    i.SVC_Handler       stm32f4xx_it.o
    0x08003ff2   0x00000002   PAD
    0x08003ff4   0x000000ec   Code   RO         3019    i.SetSysClock       system_stm32f4xx.o
    0x080040e0   0x000000e4   Code   RO          702    i.Speed_Send        can.o
    0x080041c4   0x00000034   Code   RO         3916    i.SysTick_Handler   os_cpu_c.o
    0x080041f8   0x00000068   Code   RO         3021    i.SystemInit        system_stm32f4xx.o
    0x08004260   0x0000006c   Code   RO          770    i.TIM2_IRQHandler   time2.o
    0x080042cc   0x00000006   Code   RO         1965    i.TIM_ClearFlag     stm32f4xx_tim.o
    0x080042d2   0x00000006   Code   RO         1966    i.TIM_ClearITPendingBit  stm32f4xx_tim.o
    0x080042d8   0x00000018   Code   RO         1971    i.TIM_Cmd           stm32f4xx_tim.o
    0x080042f0   0x00000042   Code   RO         1980    i.TIM_EncoderInterfaceConfig  stm32f4xx_tim.o
    0x08004332   0x00000022   Code   RO         1992    i.TIM_GetITStatus   stm32f4xx_tim.o
    0x08004354   0x00000012   Code   RO         1996    i.TIM_ITConfig      stm32f4xx_tim.o
    0x08004366   0x00000002   PAD
    0x08004368   0x00000084   Code   RO         2043    i.TIM_TimeBaseInit  stm32f4xx_tim.o
    0x080043ec   0x00000044   Code   RO          449    i.TRANS_task        main.o
    0x08004430   0x00000178   Code   RO          804    i.USART1_IRQHandler  usart1.o
    0x080045a8   0x00000012   Code   RO         2521    i.USART_ClearFlag   stm32f4xx_usart.o
    0x080045ba   0x0000001e   Code   RO         2522    i.USART_ClearITPendingBit  stm32f4xx_usart.o
    0x080045d8   0x00000018   Code   RO         2525    i.USART_Cmd         stm32f4xx_usart.o
    0x080045f0   0x00000012   Code   RO         2526    i.USART_DMACmd      stm32f4xx_usart.o
    0x08004602   0x00000054   Code   RO         2529    i.USART_GetITStatus  stm32f4xx_usart.o
    0x08004656   0x0000004a   Code   RO         2531    i.USART_ITConfig    stm32f4xx_usart.o
    0x080046a0   0x000000d4   Code   RO         2532    i.USART_Init        stm32f4xx_usart.o
    0x08004774   0x0000000a   Code   RO         2539    i.USART_ReceiveData  stm32f4xx_usart.o
    0x0800477e   0x00000002   PAD
    0x08004780   0x00000058   Code   RO          807    i.USART_TxHandler   usart1.o
    0x080047d8   0x00000004   Code   RO           10    i.UsageFault_Handler  stm32f4xx_it.o
    0x080047dc   0x00000030   Code   RO         4189    i.__ARM_fpclassify  m_wm.l(fpclassify.o)
    0x0800480c   0x00000004   PAD
    0x08004810   0x000000c8   Code   RO         4023    i.__hardfp_cos      m_wm.l(cos.o)
    0x080048d8   0x00000014   Code   RO         4035    i.__hardfp_fabs     m_wm.l(fabs.o)
    0x080048ec   0x00000004   PAD
    0x080048f0   0x000000c8   Code   RO         4041    i.__hardfp_sin      m_wm.l(sin.o)
    0x080049b8   0x0000007a   Code   RO         4053    i.__hardfp_sqrt     m_wm.l(sqrt.o)
    0x08004a32   0x00000006   PAD
    0x08004a38   0x00000438   Code   RO         4135    i.__ieee754_rem_pio2  m_wm.l(rred.o)
    0x08004e70   0x00000170   Code   RO         4118    i.__kernel_cos      m_wm.l(cos_i.o)
    0x08004fe0   0x000000f8   Code   RO         4191    i.__kernel_poly     m_wm.l(poly.o)
    0x080050d8   0x00000130   Code   RO         4140    i.__kernel_sin      m_wm.l(sin_i.o)
    0x08005208   0x00000014   Code   RO         4122    i.__mathlib_dbl_infnan  m_wm.l(dunder.o)
    0x0800521c   0x00000004   PAD
    0x08005220   0x00000020   Code   RO         4124    i.__mathlib_dbl_invalid  m_wm.l(dunder.o)
    0x08005240   0x00000020   Code   RO         4127    i.__mathlib_dbl_underflow  m_wm.l(dunder.o)
    0x08005260   0x0000000e   Code   RO         4197    i.__scatterload_copy  mc_w.l(handlers.o)
    0x0800526e   0x00000002   Code   RO         4198    i.__scatterload_null  mc_w.l(handlers.o)
    0x08005270   0x0000000e   Code   RO         4199    i.__scatterload_zeroinit  mc_w.l(handlers.o)
    0x0800527e   0x00000002   PAD
    0x08005280   0x0000000c   Code   RO         4173    i.__set_errno       mc_w.l(errno.o)
    0x0800528c   0x00000148   Code   RO          703    i.can_init          can.o
    0x080053d4   0x00000114   Code   RO          193    i.combination_filter  filter.o
    0x080054e8   0x00000020   Code   RO          154    i.delay_ms          delay.o
    0x08005508   0x00000018   Code   RO         4037    i.fabs              m_wm.l(fabs.o)
    0x08005520   0x00000084   Code   RO          194    i.kal_flt_init      filter.o
    0x080055a4   0x00000072   Code   RO          195    i.kalman_filter     filter.o
    0x08005616   0x00000002   PAD
    0x08005618   0x00000054   Code   RO          276    i.kalman_init       kalman.o
    0x0800566c   0x00000048   Code   RO          671    i.led_config        led.o
    0x080056b4   0x00000094   Code   RO          450    i.main              main.o
    0x08005748   0x000001a4   Code   RO          196    i.second_order_exkalman_filter  filter.o
    0x080058ec   0x00000194   Code   RO          198    i.second_order_init  filter.o
    0x08005a80   0x00000070   Code   RO          451    i.start_task        main.o
    0x08005af0   0x0000005e   Code   RO          771    i.time2_config      time2.o
    0x08005b4e   0x00000002   PAD
    0x08005b50   0x00000138   Code   RO          809    i.usart1_init       usart1.o
    0x08005c88   0x00000100   Data   RO         3750    .constdata          os_core.o
    0x08005d88   0x00000030   Data   RO         4119    .constdata          m_wm.l(cos_i.o)
    0x08005db8   0x000000c8   Data   RO         4137    .constdata          m_wm.l(rred.o)
    0x08005e80   0x00000028   Data   RO         4141    .constdata          m_wm.l(sin_i.o)
    0x08005ea8   0x00000020   Data   RO         4195    Region$$Table       anon$$obj.o


    Execution Region RW_IRAM1 (Base: 0x20000000, Size: 0x0000cd58, Max: 0x00020000, ABSOLUTE, COMPRESSED[0x0000148c])

    Base Addr    Size         Type   Attr      Idx    E Section Name        Object

    0x20000000   0x00000024   Data   RW          200    .data               filter.o
    0x20000024   0x00000004   PAD
    0x20000028   0x00000011   Data   RW          453    .data               main.o
    0x20000039   0x00000007   PAD
    0x20000040   0x000016a4   Data   RW          517    .data               positioncount.o
    0x200016e4   0x00000008   Data   RW          584    .data               qeptime.o
    0x200016ec   0x00000004   PAD
    0x200016f0   0x00000024   Data   RW          704    .data               can.o
    0x20001714   0x00000004   PAD
    0x20001718   0x0000000c   Data   RW          772    .data               time2.o
    0x20001724   0x00000004   PAD
    0x20001728   0x0000009c   Data   RW          812    .data               usart1.o
    0x200017c4   0x00000010   Data   RW         1595    .data               stm32f4xx_rcc.o
    0x200017d4   0x0000004c   Data   RW         3751    .data               os_core.o
    0x20001820   0x00000004   Data   RW         3917    .data               os_cpu_c.o
    0x20001824   0x00000004   Data   RW         4174    .data               mc_w.l(errno.o)
    0x20001828   0x000000c4   Zero   RW          199    .bss                filter.o
    0x200018ec   0x00000004   PAD
    0x200018f0   0x00000280   Zero   RW          277    .bss                kalman.o
    0x20001b70   0x00005000   Zero   RW          452    .bss                main.o
    0x20006b70   0x00003ed0   Zero   RW          516    .bss                positioncount.o
    0x2000aa40   0x00000114   Zero   RW          811    .bss                usart1.o
    0x2000ab54   0x00001e00   Zero   RW         3749    .bss                os_core.o
    0x2000c954   0x00000004   PAD
    0x2000c958   0x00000400   Zero   RW         3009    STACK               startup_stm32f4xx.o


==============================================================================

Image component sizes


      Code (inc. data)   RO Data    RW Data    ZI Data      Debug   Object Name

      3228        150          0         36          0       7534   can.o
        32          0          0          0          0        599   delay.o
      1506         94          0         36        196       7235   filter.o
       432         44          0          0        640     231394   kalman.o
        72          6          0          0          0        565   led.o
       566        138          0         17      20480       4884   main.o
       140         24          0          0          0       1879   misc.o
      1786        342        256         76       7680      19539   os_core.o
       176         32          0          0          0        360   os_cpu_a.o
       646         18          0          4          0      42550   os_cpu_c.o
        88         14          0          0          0        670   os_flag.o
        88         14          0          0          0        613   os_mem.o
        80          8          0          0          0        643   os_q.o
       786         64          0          0          0       5928   os_task.o
       148         24          0          0          0       1312   os_time.o
      3440        348          0       5796      16080      46988   positioncount.o
       276         40          0          8          0       2007   qeptime.o
        88          0          0          0          0       2175   queue.o
        36          8        392          0       1024        888   startup_stm32f4xx.o
      1654         22          0          0          0       8712   stm32f4xx_can.o
       668         58          0          0          0       6600   stm32f4xx_dma.o
       230          0          0          0          0       4101   stm32f4xx_gpio.o
        58          4          0          0          0     283943   stm32f4xx_it.o
       360         42          0         16          0       5672   stm32f4xx_rcc.o
       286         28          0          0          0       5919   stm32f4xx_tim.o
       470          8          0          0          0       7081   stm32f4xx_usart.o
       340         32          0          0          0       1733   system_stm32f4xx.o
       202         14          0         12          0       1441   time2.o
       812        100          0        156        276       4405   usart1.o

    ----------------------------------------------------------------------
     18730       1676        680       6180      46384     707370   Object Totals
         0          0         32          0          0          0   (incl. Generated)
        36          0          0         23          8          0   (incl. Padding)

    ----------------------------------------------------------------------

      Code (inc. data)   RO Data    RW Data    ZI Data      Debug   Library Member Name

       200         20          0          0          0        164   cos.o
       368         46         48          0          0        200   cos_i.o
        84         16          0          0          0        372   dunder.o
        44          0          0          0          0        248   fabs.o
        48          0          0          0          0        124   fpclassify.o
       248          0          0          0          0        152   poly.o
      1080        142        200          0          0        188   rred.o
       200         20          0          0          0        164   sin.o
       304         24         40          0          0        208   sin_i.o
       122          0          0          0          0        148   sqrt.o
        94          0          0          0          0          0   __dclz77c.o
         0          0          0          0          0          0   entry.o
         0          0          0          0          0          0   entry10a.o
         0          0          0          0          0          0   entry11a.o
         8          4          0          0          0          0   entry2.o
         4          0          0          0          0          0   entry5.o
         0          0          0          0          0          0   entry7b.o
         0          0          0          0          0          0   entry8b.o
         8          4          0          0          0          0   entry9a.o
        12          6          0          4          0         68   errno.o
        30          0          0          0          0          0   handlers.o
        36          8          0          0          0         68   init.o
         0          0          0          0          0          0   iusefp.o
        30          0          0          0          0         68   llshl.o
        36          0          0          0          0         68   llsshr.o
        32          0          0          0          0         68   llushr.o
        48          0          0          0          0         68   cdrcmple.o
        56          0          0          0          0         88   d2f.o
       334          0          0          0          0        148   dadd.o
       222          0          0          0          0        100   ddiv.o
       186          0          0          0          0        176   depilogue.o
        62          0          0          0          0         80   dfixi.o
        50          0          0          0          0         76   dfixui.o
        34          0          0          0          0         76   dflti.o
        26          0          0          0          0         76   dfltui.o
       228          0          0          0          0         96   dmul.o
       162          0          0          0          0        100   dsqrt.o
        38          0          0          0          0         68   f2d.o
       110          0          0          0          0        168   fepilogue.o

    ----------------------------------------------------------------------
      4566        290        288          4          0       3628   Library Totals
        22          0          0          0          0          0   (incl. Padding)

    ----------------------------------------------------------------------

      Code (inc. data)   RO Data    RW Data    ZI Data      Debug   Library Name

      2698        268        288          0          0       1968   m_wm.l
       290         22          0          4          0        340   mc_w.l
      1556          0          0          0          0       1320   mf_w.l

    ----------------------------------------------------------------------
      4566        290        288          4          0       3628   Library Totals

    ----------------------------------------------------------------------

==============================================================================


      Code (inc. data)   RO Data    RW Data    ZI Data      Debug   

     23296       1966        968       6184      46384     696902   Grand Totals
     23296       1966        968       5260      46384     696902   ELF Image Totals (compressed)
     23296       1966        968       5260          0          0   ROM Totals

==============================================================================

    Total RO  Size (Code + RO Data)                24264 (  23.70kB)
    Total RW  Size (RW Data + ZI Data)             52568 (  51.34kB)
    Total ROM Size (Code + RO Data + RW Data)      29524 (  28.83kB)

==============================================================================

