<html>
<body>
<pre>
<h1>µVision Build Log</h1>
<h2>Tool Versions:</h2>
IDE-Version: ¦ÌVision V5.25.3.0
Copyright (C) 2018 ARM Ltd and ARM Germany GmbH. All rights reserved.
License Information: 11 Administrator, 1, LIC=6XJFW-QRN4B-YBSE9-4VXLP-E7BGR-77RXK
 
Tool Versions:
Toolchain:       MDK-ARM Professional  Version: 5.18
Toolchain Path:  D:\coding\KeilMDK5\ARM\ARMCC\Bin
C Compiler:      Armcc.exe V5.06 update 1 (build 61)
Assembler:       Armasm.exe V5.06 update 1 (build 61)
Linker/Locator:  ArmLink.exe V5.06 update 1 (build 61)
Library Manager: ArmAr.exe V5.06 update 1 (build 61)
Hex Converter:   FromElf.exe V5.06 update 1 (build 61)
CPU DLL:         SARMCM3.DLL V5.18
Dialog DLL:      DCM.DLL V1.13.6.0
Target DLL:      Segger\JL2CM3.dll V2.99.18.0
Dialog DLL:      TCM.DLL V1.14.8.0
 
<h2>Project:</h2>
C:\Users\Administrator\Desktop\21-03-16-DR1.5\DR1.5\Project\PRO\project.uvprojx
Project File Date:  03/17/2021

<h2>Output:</h2>
*** Using Compiler 'V5.06 update 1 (build 61)', folder: 'D:\coding\KeilMDK5\ARM\ARMCC\Bin'
Rebuild target 'Target 1'
compiling stm32f4xx_it.c...
compiling QEPtime.c...
compiling delay.c...
compiling kalman.c...
compiling filter.c...
compiling main.c...
compiling PositionCount.c...
..\..\User\src\PositionCount.c(1611): warning:  #1035-D: single-precision operand implicitly converted to double-precision
  					POS_SCALE = 0.9999899*SCALE_TAB[(int)(filted_rate)];
..\..\User\src\PositionCount.c(1616): warning:  #1035-D: single-precision operand implicitly converted to double-precision
  					NEG_SCALE = 0.99944444*SCALE_TAB[(int)(-filted_rate)];
..\..\User\src\PositionCount.c: 2 warnings, 0 errors
compiling MyMath.c...
compiling led.c...
compiling MyDataProcess.c...
compiling time2.c...
compiling ADS1255.c...
compiling spi2.c...
compiling can.c...
compiling misc.c...
compiling stm32f4xx_dma.c...
compiling stm32f4xx_exti.c...
compiling stm32f4xx_flash.c...
compiling stm32f4xx_gpio.c...
compiling stm32f4xx_rcc.c...
compiling stm32f4xx_rng.c...
assembling startup_stm32f4xx.s...
compiling stm32f4xx_syscfg.c...
compiling os_flag.c...
compiling stm32f4xx_usart.c...
compiling stm32f4xx_fsmc.c...
compiling stm32f4xx_can.c...
compiling system_stm32f4xx.c...
compiling stm32f4xx_tim.c...
compiling os_mbox.c...
compiling os_mem.c...
compiling stm32f4xx_spi.c...
compiling os_mutex.c...
compiling os_sem.c...
compiling os_task.c...
compiling os_q.c...
compiling os_tmr.c...
compiling os_time.c...
assembling os_cpu_a.asm...
compiling os_dbg.c...
compiling os_core.c...
compiling os_cpu_c.c...
linking...
Program Size: Code=21926 RO-data=970 RW-data=6404 ZI-data=46124  
FromELF: creating hex file...
"..\OBJ\project.axf" - 0 Error(s), 2 Warning(s).

<h2>Software Packages used:</h2>

Package Vendor: ARM
                http://www.keil.com/pack/ARM.CMSIS.4.5.0.pack
                ARM.CMSIS.4.5.0
                CMSIS (Cortex Microcontroller Software Interface Standard)
   * Component: CORE Version: 4.3.0

Package Vendor: Keil
                http://www.keil.com/pack/Keil.STM32F4xx_DFP.2.15.0.pack
                Keil.STM32F4xx_DFP.2.15.0
                STMicroelectronics STM32F4 Series Device Support, Drivers and Examples

<h2>Collection of Component include folders:</h2>
  .\RTE\_Target_1
  D:\coding\KeilMDK5\ARM\PACK\ARM\CMSIS\4.5.0\CMSIS\Include
  D:\coding\KeilMDK5\ARM\PACK\Keil\STM32F4xx_DFP\2.15.0\Drivers\CMSIS\Device\ST\STM32F4xx\Include

<h2>Collection of Component Files used:</h2>

   * Component: ARM::CMSIS:CORE:4.3.0
Build Time Elapsed:  00:00:04
</pre>
</body>
</html>
